Component: ARM Compiler 5.05 update 1 (build 106) Tool: armlink [4d0efa]

==============================================================================

Section Cross References

    main.o(i.main) refers to stm32f4_discovery.o(i.STM_EVAL_PBInit) for STM_EVAL_PBInit
    main.o(i.main) refers to initialization.o(i.initialize_outputs) for initialize_outputs
    main.o(i.main) refers to main.o(i.Delay) for Delay
    main.o(i.main) refers to usbd_core.o(i.USBD_Init) for USBD_Init
    main.o(i.main) refers to usbd_usr.o(.data) for USR_cb
    main.o(i.main) refers to usbd_hid_core.o(.data) for USBD_HID_cb
    main.o(i.main) refers to usbd_desc.o(.data) for USR_desc
    main.o(i.main) refers to main.o(.bss) for USB_OTG_dev
    stm32f4xx_it.o(i.OTG_FS_IRQHandler) refers to usb_dcd_int.o(i.USBD_OTG_ISR_Handler) for USBD_OTG_ISR_Handler
    stm32f4xx_it.o(i.OTG_FS_IRQHandler) refers to main.o(.bss) for USB_OTG_dev
    stm32f4xx_it.o(i.OTG_FS_WKUP_IRQHandler) refers to system_stm32f4xx.o(i.SystemInit) for SystemInit
    stm32f4xx_it.o(i.OTG_FS_WKUP_IRQHandler) refers to usb_core.o(i.USB_OTG_UngateClock) for USB_OTG_UngateClock
    stm32f4xx_it.o(i.OTG_FS_WKUP_IRQHandler) refers to stm32f4xx_exti.o(i.EXTI_ClearITPendingBit) for EXTI_ClearITPendingBit
    stm32f4xx_it.o(i.OTG_FS_WKUP_IRQHandler) refers to main.o(.bss) for USB_OTG_dev
    system_stm32f4xx.o(i.SystemCoreClockUpdate) refers to system_stm32f4xx.o(.data) for SystemCoreClock
    system_stm32f4xx.o(i.SystemInit) refers to system_stm32f4xx.o(i.SetSysClock) for SetSysClock
    usb_bsp.o(i.USB_OTG_BSP_EnableInterrupt) refers to misc.o(i.NVIC_PriorityGroupConfig) for NVIC_PriorityGroupConfig
    usb_bsp.o(i.USB_OTG_BSP_EnableInterrupt) refers to misc.o(i.NVIC_Init) for NVIC_Init
    usb_bsp.o(i.USB_OTG_BSP_Init) refers to stm32f4xx_rcc.o(i.RCC_AHB1PeriphClockCmd) for RCC_AHB1PeriphClockCmd
    usb_bsp.o(i.USB_OTG_BSP_Init) refers to stm32f4xx_gpio.o(i.GPIO_Init) for GPIO_Init
    usb_bsp.o(i.USB_OTG_BSP_Init) refers to stm32f4xx_gpio.o(i.GPIO_PinAFConfig) for GPIO_PinAFConfig
    usb_bsp.o(i.USB_OTG_BSP_Init) refers to stm32f4xx_rcc.o(i.RCC_APB2PeriphClockCmd) for RCC_APB2PeriphClockCmd
    usb_bsp.o(i.USB_OTG_BSP_Init) refers to stm32f4xx_rcc.o(i.RCC_AHB2PeriphClockCmd) for RCC_AHB2PeriphClockCmd
    usb_bsp.o(i.USB_OTG_BSP_Init) refers to stm32f4xx_rcc.o(i.RCC_APB1PeriphResetCmd) for RCC_APB1PeriphResetCmd
    usb_bsp.o(i.USB_OTG_BSP_Init) refers to stm32f4_discovery.o(i.STM_EVAL_PBInit) for STM_EVAL_PBInit
    usb_bsp.o(i.USB_OTG_BSP_mDelay) refers to usb_bsp.o(i.USB_OTG_BSP_uDelay) for USB_OTG_BSP_uDelay
    usbd_usr.o(i.USBD_USR_Init) refers to system_stm32f4xx.o(.data) for SystemCoreClock
    usbd_usr.o(.data) refers to usbd_usr.o(i.USBD_USR_Init) for USBD_USR_Init
    usbd_usr.o(.data) refers to usbd_usr.o(i.USBD_USR_DeviceReset) for USBD_USR_DeviceReset
    usbd_usr.o(.data) refers to usbd_usr.o(i.USBD_USR_DeviceConfigured) for USBD_USR_DeviceConfigured
    usbd_usr.o(.data) refers to usbd_usr.o(i.USBD_USR_DeviceSuspended) for USBD_USR_DeviceSuspended
    usbd_usr.o(.data) refers to usbd_usr.o(i.USBD_USR_DeviceResumed) for USBD_USR_DeviceResumed
    usbd_usr.o(.data) refers to usbd_usr.o(i.USBD_USR_DeviceConnected) for USBD_USR_DeviceConnected
    usbd_usr.o(.data) refers to usbd_usr.o(i.USBD_USR_DeviceDisconnected) for USBD_USR_DeviceDisconnected
    startup_stm32f4xx.o(RESET) refers to startup_stm32f4xx.o(STACK) for __initial_sp
    startup_stm32f4xx.o(RESET) refers to startup_stm32f4xx.o(.text) for Reset_Handler
    startup_stm32f4xx.o(RESET) refers to stm32f4xx_it.o(i.NMI_Handler) for NMI_Handler
    startup_stm32f4xx.o(RESET) refers to stm32f4xx_it.o(i.HardFault_Handler) for HardFault_Handler
    startup_stm32f4xx.o(RESET) refers to stm32f4xx_it.o(i.MemManage_Handler) for MemManage_Handler
    startup_stm32f4xx.o(RESET) refers to stm32f4xx_it.o(i.BusFault_Handler) for BusFault_Handler
    startup_stm32f4xx.o(RESET) refers to stm32f4xx_it.o(i.UsageFault_Handler) for UsageFault_Handler
    startup_stm32f4xx.o(RESET) refers to stm32f4xx_it.o(i.SVC_Handler) for SVC_Handler
    startup_stm32f4xx.o(RESET) refers to stm32f4xx_it.o(i.DebugMon_Handler) for DebugMon_Handler
    startup_stm32f4xx.o(RESET) refers to stm32f4xx_it.o(i.PendSV_Handler) for PendSV_Handler
    startup_stm32f4xx.o(RESET) refers to stm32f4xx_it.o(i.SysTick_Handler) for SysTick_Handler
    startup_stm32f4xx.o(RESET) refers to stm32f4xx_it.o(i.DMA1_Stream0_IRQHandler) for DMA1_Stream0_IRQHandler
    startup_stm32f4xx.o(RESET) refers to stm32f4xx_it.o(i.TIM3_IRQHandler) for TIM3_IRQHandler
    startup_stm32f4xx.o(RESET) refers to stm32f4xx_it.o(i.OTG_FS_WKUP_IRQHandler) for OTG_FS_WKUP_IRQHandler
    startup_stm32f4xx.o(RESET) refers to stm32f4xx_it.o(i.OTG_FS_IRQHandler) for OTG_FS_IRQHandler
    startup_stm32f4xx.o(.text) refers to system_stm32f4xx.o(i.SystemInit) for SystemInit
[...]
    Removing stm32f4xx_i2c.o(i.I2C_GenerateSTART), (24 bytes).
    Removing stm32f4xx_i2c.o(i.I2C_GenerateSTOP), (24 bytes).
    Removing stm32f4xx_i2c.o(i.I2C_GetFlagStatus), (58 bytes).
    Removing stm32f4xx_i2c.o(i.I2C_GetITStatus), (38 bytes).
    Removing stm32f4xx_i2c.o(i.I2C_GetLastEvent), (26 bytes).
    Removing stm32f4xx_i2c.o(i.I2C_GetPEC), (8 bytes).
    Removing stm32f4xx_i2c.o(i.I2C_ITConfig), (18 bytes).
    Removing stm32f4xx_i2c.o(i.I2C_Init), (232 bytes).
    Removing stm32f4xx_i2c.o(i.I2C_NACKPositionConfig), (28 bytes).
    Removing stm32f4xx_i2c.o(i.I2C_OwnAddress2Config), (22 bytes).
    Removing stm32f4xx_i2c.o(i.I2C_PECPositionConfig), (28 bytes).
    Removing stm32f4xx_i2c.o(i.I2C_ReadRegister), (22 bytes).
    Removing stm32f4xx_i2c.o(i.I2C_ReceiveData), (8 bytes).
    Removing stm32f4xx_i2c.o(i.I2C_SMBusAlertConfig), (28 bytes).
    Removing stm32f4xx_i2c.o(i.I2C_Send7bitAddress), (16 bytes).
    Removing stm32f4xx_i2c.o(i.I2C_SendData), (4 bytes).
    Removing stm32f4xx_i2c.o(i.I2C_SoftwareResetCmd), (22 bytes).
    Removing stm32f4xx_i2c.o(i.I2C_StretchClockCmd), (24 bytes).
    Removing stm32f4xx_i2c.o(i.I2C_StructInit), (30 bytes).
    Removing stm32f4xx_i2c.o(i.I2C_TransmitPEC), (24 bytes).
    Removing stm32f4xx_rcc.o(.emb_text), (8 bytes).
    Removing stm32f4xx_rcc.o(i.RCC_AHB1PeriphClockLPModeCmd), (32 bytes).
    Removing stm32f4xx_rcc.o(i.RCC_AHB1PeriphResetCmd), (32 bytes).
    Removing stm32f4xx_rcc.o(i.RCC_AHB2PeriphClockLPModeCmd), (32 bytes).
    Removing stm32f4xx_rcc.o(i.RCC_AHB2PeriphResetCmd), (32 bytes).
    Removing stm32f4xx_rcc.o(i.RCC_AHB3PeriphClockCmd), (32 bytes).
    Removing stm32f4xx_rcc.o(i.RCC_AHB3PeriphClockLPModeCmd), (32 bytes).
    Removing stm32f4xx_rcc.o(i.RCC_AHB3PeriphResetCmd), (32 bytes).
    Removing stm32f4xx_rcc.o(i.RCC_APB1PeriphClockCmd), (32 bytes).
    Removing stm32f4xx_rcc.o(i.RCC_APB1PeriphClockLPModeCmd), (32 bytes).
    Removing stm32f4xx_rcc.o(i.RCC_APB2PeriphClockLPModeCmd), (32 bytes).
    Removing stm32f4xx_rcc.o(i.RCC_APB2PeriphResetCmd), (32 bytes).
    Removing stm32f4xx_rcc.o(i.RCC_AdjustHSICalibrationValue), (24 bytes).
    Removing stm32f4xx_rcc.o(i.RCC_BackupResetCmd), (12 bytes).
    Removing stm32f4xx_rcc.o(i.RCC_ClearFlag), (20 bytes).
    Removing stm32f4xx_rcc.o(i.RCC_ClearITPendingBit), (12 bytes).
    Removing stm32f4xx_rcc.o(i.RCC_ClockSecuritySystemCmd), (12 bytes).
    Removing stm32f4xx_rcc.o(i.RCC_DeInit), (72 bytes).
    Removing stm32f4xx_rcc.o(i.RCC_GetClocksFreq), (232 bytes).
    Removing stm32f4xx_rcc.o(i.RCC_GetFlagStatus), (64 bytes).
    Removing stm32f4xx_rcc.o(i.RCC_GetITStatus), (24 bytes).
    Removing stm32f4xx_rcc.o(i.RCC_GetSYSCLKSource), (16 bytes).
    Removing stm32f4xx_rcc.o(i.RCC_HCLKConfig), (24 bytes).
    Removing stm32f4xx_rcc.o(i.RCC_HSEConfig), (16 bytes).
    Removing stm32f4xx_rcc.o(i.RCC_HSICmd), (12 bytes).
    Removing stm32f4xx_rcc.o(i.RCC_I2SCLKConfig), (12 bytes).
    Removing stm32f4xx_rcc.o(i.RCC_ITConfig), (32 bytes).
    Removing stm32f4xx_rcc.o(i.RCC_LSEConfig), (44 bytes).
    Removing stm32f4xx_rcc.o(i.RCC_LSICmd), (12 bytes).
    Removing stm32f4xx_rcc.o(i.RCC_MCO1Config), (28 bytes).
    Removing stm32f4xx_rcc.o(i.RCC_MCO2Config), (28 bytes).
    Removing stm32f4xx_rcc.o(i.RCC_PCLK1Config), (24 bytes).
    Removing stm32f4xx_rcc.o(i.RCC_PCLK2Config), (24 bytes).
    Removing stm32f4xx_rcc.o(i.RCC_PLLCmd), (12 bytes).
    Removing stm32f4xx_rcc.o(i.RCC_PLLConfig), (36 bytes).
    Removing stm32f4xx_rcc.o(i.RCC_PLLI2SCmd), (12 bytes).
    Removing stm32f4xx_rcc.o(i.RCC_PLLI2SConfig), (16 bytes).
    Removing stm32f4xx_rcc.o(i.RCC_RTCCLKCmd), (12 bytes).
    Removing stm32f4xx_rcc.o(i.RCC_RTCCLKConfig), (60 bytes).
    Removing stm32f4xx_rcc.o(i.RCC_SYSCLKConfig), (24 bytes).
    Removing stm32f4xx_rcc.o(i.RCC_WaitForHSEStartUp), (56 bytes).
    Removing stm32f4xx_rcc.o(.data), (16 bytes).
    Removing stm32f4xx_spi.o(.emb_text), (8 bytes).
    Removing stm32f4xx_spi.o(i.I2S_Cmd), (24 bytes).
    Removing stm32f4xx_spi.o(i.I2S_FullDuplexConfig), (80 bytes).
    Removing stm32f4xx_spi.o(i.I2S_Init), (360 bytes).
    Removing stm32f4xx_spi.o(i.I2S_StructInit), (20 bytes).
    Removing stm32f4xx_spi.o(i.SPI_BiDirectionalLineConfig), (28 bytes).
    Removing stm32f4xx_spi.o(i.SPI_CalculateCRC), (24 bytes).
    Removing stm32f4xx_spi.o(i.SPI_Cmd), (24 bytes).
    Removing stm32f4xx_spi.o(i.SPI_DataSizeConfig), (18 bytes).
    Removing stm32f4xx_spi.o(i.SPI_GetCRC), (16 bytes).
    Removing stm32f4xx_spi.o(i.SPI_GetCRCPolynomial), (6 bytes).
    Removing stm32f4xx_spi.o(i.SPI_I2S_ClearFlag), (6 bytes).
    Removing stm32f4xx_spi.o(i.SPI_I2S_ClearITPendingBit), (20 bytes).
    Removing stm32f4xx_spi.o(i.SPI_I2S_DMACmd), (18 bytes).
    Removing stm32f4xx_spi.o(i.SPI_I2S_DeInit), (88 bytes).
    Removing stm32f4xx_spi.o(i.SPI_I2S_GetFlagStatus), (18 bytes).
    Removing stm32f4xx_spi.o(i.SPI_I2S_GetITStatus), (52 bytes).
    Removing stm32f4xx_spi.o(i.SPI_I2S_ITConfig), (32 bytes).
    Removing stm32f4xx_spi.o(i.SPI_I2S_ReceiveData), (6 bytes).
    Removing stm32f4xx_spi.o(i.SPI_I2S_SendData), (4 bytes).
    Removing stm32f4xx_spi.o(i.SPI_Init), (60 bytes).
    Removing stm32f4xx_spi.o(i.SPI_NSSInternalSoftwareConfig), (30 bytes).
    Removing stm32f4xx_spi.o(i.SPI_SSOutputCmd), (24 bytes).
    Removing stm32f4xx_spi.o(i.SPI_StructInit), (24 bytes).
    Removing stm32f4xx_spi.o(i.SPI_TIModeCmd), (24 bytes).
    Removing stm32f4xx_spi.o(i.SPI_TransmitCRC), (10 bytes).
    Removing stm32f4xx_syscfg.o(.emb_text), (8 bytes).
    Removing stm32f4xx_syscfg.o(i.SYSCFG_CompensationCellCmd), (12 bytes).
    Removing stm32f4xx_syscfg.o(i.SYSCFG_DeInit), (22 bytes).
    Removing stm32f4xx_syscfg.o(i.SYSCFG_ETH_MediaInterfaceConfig), (12 bytes).
    Removing stm32f4xx_syscfg.o(i.SYSCFG_GetCompensationCellStatus), (24 bytes).
    Removing stm32f4xx_syscfg.o(i.SYSCFG_MemoryRemapConfig), (12 bytes).
    Removing stm32f4xx_tim.o(.emb_text), (8 bytes).
    Removing stm32f4xx_tim.o(i.TI1_Config), (58 bytes).
    Removing stm32f4xx_tim.o(i.TI2_Config), (80 bytes).
    Removing stm32f4xx_tim.o(i.TI3_Config), (72 bytes).
    Removing stm32f4xx_tim.o(i.TI4_Config), (80 bytes).
    Removing stm32f4xx_tim.o(i.TIM_ARRPreloadConfig), (24 bytes).
    Removing stm32f4xx_tim.o(i.TIM_BDTRConfig), (32 bytes).
    Removing stm32f4xx_tim.o(i.TIM_BDTRStructInit), (18 bytes).
    Removing stm32f4xx_tim.o(i.TIM_CCPreloadControl), (24 bytes).
    Removing stm32f4xx_tim.o(i.TIM_CCxCmd), (30 bytes).
    Removing stm32f4xx_tim.o(i.TIM_CCxNCmd), (30 bytes).
    Removing stm32f4xx_tim.o(i.TIM_ClearFlag), (6 bytes).
    Removing stm32f4xx_tim.o(i.TIM_ClearITPendingBit), (6 bytes).
    Removing stm32f4xx_tim.o(i.TIM_ClearOC1Ref), (18 bytes).
    Removing stm32f4xx_tim.o(i.TIM_ClearOC2Ref), (24 bytes).
    Removing stm32f4xx_tim.o(i.TIM_ClearOC3Ref), (18 bytes).
    Removing stm32f4xx_tim.o(i.TIM_ClearOC4Ref), (24 bytes).
    Removing stm32f4xx_tim.o(i.TIM_Cmd), (24 bytes).
    Removing stm32f4xx_tim.o(i.TIM_CounterModeConfig), (18 bytes).
    Removing stm32f4xx_tim.o(i.TIM_CtrlPWMOutputs), (30 bytes).
    Removing stm32f4xx_tim.o(i.TIM_DMACmd), (18 bytes).
    Removing stm32f4xx_tim.o(i.TIM_DMAConfig), (10 bytes).
    Removing stm32f4xx_tim.o(i.TIM_DeInit), (400 bytes).
    Removing stm32f4xx_tim.o(i.TIM_ETRClockMode1Config), (54 bytes).
    Removing stm32f4xx_tim.o(i.TIM_ETRClockMode2Config), (32 bytes).
    Removing stm32f4xx_tim.o(i.TIM_ETRConfig), (28 bytes).
    Removing stm32f4xx_tim.o(i.TIM_EncoderInterfaceConfig), (66 bytes).
    Removing stm32f4xx_tim.o(i.TIM_ForcedOC1Config), (18 bytes).
    Removing stm32f4xx_tim.o(i.TIM_ForcedOC2Config), (26 bytes).
    Removing stm32f4xx_tim.o(i.TIM_ForcedOC3Config), (18 bytes).
    Removing stm32f4xx_tim.o(i.TIM_ForcedOC4Config), (26 bytes).
    Removing stm32f4xx_tim.o(i.TIM_GenerateEvent), (4 bytes).
    Removing stm32f4xx_tim.o(i.TIM_GetCapture1), (6 bytes).
    Removing stm32f4xx_tim.o(i.TIM_GetCapture2), (6 bytes).
    Removing stm32f4xx_tim.o(i.TIM_GetCapture3), (6 bytes).
    Removing stm32f4xx_tim.o(i.TIM_GetCapture4), (6 bytes).
    Removing stm32f4xx_tim.o(i.TIM_GetCounter), (6 bytes).
    Removing stm32f4xx_tim.o(i.TIM_GetFlagStatus), (18 bytes).
    Removing stm32f4xx_tim.o(i.TIM_GetITStatus), (34 bytes).
    Removing stm32f4xx_tim.o(i.TIM_GetPrescaler), (6 bytes).
    Removing stm32f4xx_tim.o(i.TIM_ICInit), (110 bytes).
    Removing stm32f4xx_tim.o(i.TIM_ICStructInit), (18 bytes).
    Removing stm32f4xx_tim.o(i.TIM_ITConfig), (18 bytes).
    Removing stm32f4xx_tim.o(i.TIM_ITRxExternalClockConfig), (24 bytes).
    Removing stm32f4xx_tim.o(i.TIM_InternalClockConfig), (12 bytes).
    Removing stm32f4xx_tim.o(i.TIM_OC1FastConfig), (18 bytes).
    Removing stm32f4xx_tim.o(i.TIM_OC1Init), (124 bytes).
    Removing stm32f4xx_tim.o(i.TIM_OC1NPolarityConfig), (18 bytes).
    Removing stm32f4xx_tim.o(i.TIM_OC1PolarityConfig), (18 bytes).
    Removing stm32f4xx_tim.o(i.TIM_OC1PreloadConfig), (18 bytes).
    Removing stm32f4xx_tim.o(i.TIM_OC2FastConfig), (26 bytes).
    Removing stm32f4xx_tim.o(i.TIM_OC2Init), (164 bytes).
    Removing stm32f4xx_tim.o(i.TIM_OC2NPolarityConfig), (26 bytes).
    Removing stm32f4xx_tim.o(i.TIM_OC2PolarityConfig), (26 bytes).
    Removing stm32f4xx_tim.o(i.TIM_OC2PreloadConfig), (26 bytes).
    Removing stm32f4xx_tim.o(i.TIM_OC3FastConfig), (18 bytes).
    Removing stm32f4xx_tim.o(i.TIM_OC3Init), (160 bytes).
    Removing stm32f4xx_tim.o(i.TIM_OC3NPolarityConfig), (26 bytes).
    Removing stm32f4xx_tim.o(i.TIM_OC3PolarityConfig), (26 bytes).
    Removing stm32f4xx_tim.o(i.TIM_OC3PreloadConfig), (18 bytes).
    Removing stm32f4xx_tim.o(i.TIM_OC4FastConfig), (26 bytes).
    Removing stm32f4xx_tim.o(i.TIM_OC4Init), (120 bytes).
    Removing stm32f4xx_tim.o(i.TIM_OC4PolarityConfig), (26 bytes).
    Removing stm32f4xx_tim.o(i.TIM_OC4PreloadConfig), (26 bytes).
    Removing stm32f4xx_tim.o(i.TIM_OCStructInit), (20 bytes).
    Removing stm32f4xx_tim.o(i.TIM_PWMIConfig), (124 bytes).
    Removing stm32f4xx_tim.o(i.TIM_PrescalerConfig), (6 bytes).
    Removing stm32f4xx_tim.o(i.TIM_RemapConfig), (6 bytes).
    Removing stm32f4xx_tim.o(i.TIM_SelectCCDMA), (24 bytes).
    Removing stm32f4xx_tim.o(i.TIM_SelectCOM), (24 bytes).
    Removing stm32f4xx_tim.o(i.TIM_SelectHallSensor), (24 bytes).
    Removing stm32f4xx_tim.o(i.TIM_SelectInputTrigger), (18 bytes).
    Removing stm32f4xx_tim.o(i.TIM_SelectMasterSlaveMode), (18 bytes).
    Removing stm32f4xx_tim.o(i.TIM_SelectOCxM), (86 bytes).
    Removing stm32f4xx_tim.o(i.TIM_SelectOnePulseMode), (18 bytes).
    Removing stm32f4xx_tim.o(i.TIM_SelectOutputTrigger), (18 bytes).
    Removing stm32f4xx_tim.o(i.TIM_SelectSlaveMode), (18 bytes).
    Removing stm32f4xx_tim.o(i.TIM_SetAutoreload), (4 bytes).
    Removing stm32f4xx_tim.o(i.TIM_SetClockDivision), (18 bytes).
    Removing stm32f4xx_tim.o(i.TIM_SetCompare1), (4 bytes).
    Removing stm32f4xx_tim.o(i.TIM_SetCompare2), (4 bytes).
    Removing stm32f4xx_tim.o(i.TIM_SetCompare3), (4 bytes).
    Removing stm32f4xx_tim.o(i.TIM_SetCompare4), (4 bytes).
    Removing stm32f4xx_tim.o(i.TIM_SetCounter), (4 bytes).
    Removing stm32f4xx_tim.o(i.TIM_SetIC1Prescaler), (18 bytes).
    Removing stm32f4xx_tim.o(i.TIM_SetIC2Prescaler), (26 bytes).
    Removing stm32f4xx_tim.o(i.TIM_SetIC3Prescaler), (18 bytes).
    Removing stm32f4xx_tim.o(i.TIM_SetIC4Prescaler), (26 bytes).
    Removing stm32f4xx_tim.o(i.TIM_TIxExternalClockConfig), (62 bytes).
    Removing stm32f4xx_tim.o(i.TIM_TimeBaseInit), (132 bytes).
    Removing stm32f4xx_tim.o(i.TIM_TimeBaseStructInit), (18 bytes).
    Removing stm32f4xx_tim.o(i.TIM_UpdateDisableConfig), (24 bytes).
    Removing stm32f4xx_tim.o(i.TIM_UpdateRequestConfig), (24 bytes).
    Removing usb_core.o(.emb_text), (8 bytes).
    Removing usb_core.o(i.USB_OTG_ActiveRemoteWakeup), (106 bytes).
    Removing usb_core.o(i.USB_OTG_GetEPStatus), (106 bytes).
    Removing usb_core.o(i.USB_OTG_IsHostMode), (20 bytes).
    Removing usb_core.o(i.USB_OTG_ReadOtgItr), (8 bytes).
    Removing usb_core.o(i.USB_OTG_SetEPStatus), (282 bytes).
    Removing usb_core.o(i.USB_OTG_StopDevice), (82 bytes).
    Removing usb_dcd.o(.emb_text), (8 bytes).
    Removing usb_dcd.o(i.DCD_DevConnect), (32 bytes).
    Removing usb_dcd.o(i.DCD_DevDisconnect), (34 bytes).
    Removing usb_dcd.o(i.DCD_GetEPStatus), (64 bytes).
    Removing usb_dcd.o(i.DCD_SetEPStatus), (62 bytes).
    Removing usb_dcd_int.o(.emb_text), (8 bytes).
    Removing usbd_core.o(.emb_text), (8 bytes).
    Removing usbd_ioreq.o(.emb_text), (8 bytes).
    Removing usbd_ioreq.o(i.USBD_CtlPrepareRx), (46 bytes).
    Removing usbd_ioreq.o(i.USBD_GetRxCount), (20 bytes).
    Removing usbd_req.o(.emb_text), (8 bytes).
    Removing usbd_hid_core.o(.emb_text), (8 bytes).
    Removing usbd_hid_core.o(i.USBD_HID_SendReport), (34 bytes).

367 unused section(s) (total 13416 bytes) removed from the image.

==============================================================================

Image Symbol Table

    Local Symbols

    Symbol Name                              Value     Ov Type        Size  Object(Section)

    ../clib/../cmprslib/lz77c.c              0x00000000   Number         0  __dclz77c.o ABSOLUTE
    ../clib/microlib/init/entry.s            0x00000000   Number         0  entry9b.o ABSOLUTE
    ../clib/microlib/init/entry.s            0x00000000   Number         0  entry7a.o ABSOLUTE
    ../clib/microlib/init/entry.s            0x00000000   Number         0  entry2.o ABSOLUTE
    ../clib/microlib/init/entry.s            0x00000000   Number         0  entry10a.o ABSOLUTE
    ../clib/microlib/init/entry.s            0x00000000   Number         0  entry7b.o ABSOLUTE
    ../clib/microlib/init/entry.s            0x00000000   Number         0  entry11b.o ABSOLUTE
    ../clib/microlib/init/entry.s            0x00000000   Number         0  entry11a.o ABSOLUTE
    ../clib/microlib/init/entry.s            0x00000000   Number         0  entry10b.o ABSOLUTE
    ../clib/microlib/init/entry.s            0x00000000   Number         0  entry8a.o ABSOLUTE
    ../clib/microlib/init/entry.s            0x00000000   Number         0  entry8b.o ABSOLUTE
    ../clib/microlib/init/entry.s            0x00000000   Number         0  entry.o ABSOLUTE
    ../clib/microlib/init/entry.s            0x00000000   Number         0  entry9a.o ABSOLUTE
    ../clib/microlib/init/entry.s            0x00000000   Number         0  entry5.o ABSOLUTE
    ..\Libraries\STM32F4xx_StdPeriph_Driver\src\misc.c 0x00000000   Number         0  misc.o ABSOLUTE
    ..\Libraries\STM32F4xx_StdPeriph_Driver\src\stm32f4xx_adc.c 0x00000000   Number         0  stm32f4xx_adc.o ABSOLUTE
    ..\Libraries\STM32F4xx_StdPeriph_Driver\src\stm32f4xx_dac.c 0x00000000   Number         0  stm32f4xx_dac.o ABSOLUTE
    ..\Libraries\STM32F4xx_StdPeriph_Driver\src\stm32f4xx_dma.c 0x00000000   Number         0  stm32f4xx_dma.o ABSOLUTE
    ..\Libraries\STM32F4xx_StdPeriph_Driver\src\stm32f4xx_exti.c 0x00000000   Number         0  stm32f4xx_exti.o ABSOLUTE
    ..\Libraries\STM32F4xx_StdPeriph_Driver\src\stm32f4xx_flash.c 0x00000000   Number         0  stm32f4xx_flash.o ABSOLUTE
    ..\Libraries\STM32F4xx_StdPeriph_Driver\src\stm32f4xx_gpio.c 0x00000000   Number         0  stm32f4xx_gpio.o ABSOLUTE
    ..\Libraries\STM32F4xx_StdPeriph_Driver\src\stm32f4xx_i2c.c 0x00000000   Number         0  stm32f4xx_i2c.o ABSOLUTE
    ..\Libraries\STM32F4xx_StdPeriph_Driver\src\stm32f4xx_rcc.c 0x00000000   Number         0  stm32f4xx_rcc.o ABSOLUTE
    ..\Libraries\STM32F4xx_StdPeriph_Driver\src\stm32f4xx_spi.c 0x00000000   Number         0  stm32f4xx_spi.o ABSOLUTE
    ..\Libraries\STM32F4xx_StdPeriph_Driver\src\stm32f4xx_syscfg.c 0x00000000   Number         0  stm32f4xx_syscfg.o ABSOLUTE
    ..\Libraries\STM32F4xx_StdPeriph_Driver\src\stm32f4xx_tim.c 0x00000000   Number         0  stm32f4xx_tim.o ABSOLUTE
    ..\Libraries\STM32_USB_Device_Library\Class\hid_custom\src\usbd_hid_core.c 0x00000000   Number         0  usbd_hid_core.o ABSOLUTE
    ..\Libraries\STM32_USB_Device_Library\Core\src\usbd_core.c 0x00000000   Number         0  usbd_core.o ABSOLUTE
    ..\Libraries\STM32_USB_Device_Library\Core\src\usbd_ioreq.c 0x00000000   Number         0  usbd_ioreq.o ABSOLUTE
    ..\Libraries\STM32_USB_Device_Library\Core\src\usbd_req.c 0x00000000   Number         0  usbd_req.o ABSOLUTE
    ..\Libraries\STM32_USB_OTG_Driver\src\usb_core.c 0x00000000   Number         0  usb_core.o ABSOLUTE
    ..\Libraries\STM32_USB_OTG_Driver\src\usb_dcd.c 0x00000000   Number         0  usb_dcd.o ABSOLUTE
    ..\Libraries\STM32_USB_OTG_Driver\src\usb_dcd_int.c 0x00000000   Number         0  usb_dcd_int.o ABSOLUTE
    ..\Utilities\STM32F4-Discovery\stm32f4_discovery.c 0x00000000   Number         0  stm32f4_discovery.o ABSOLUTE
    ..\\Libraries\\STM32F4xx_StdPeriph_Driver\\src\\misc.c 0x00000000   Number         0  misc.o ABSOLUTE
    ..\\Libraries\\STM32F4xx_StdPeriph_Driver\\src\\stm32f4xx_adc.c 0x00000000   Number         0  stm32f4xx_adc.o ABSOLUTE
    ..\\Libraries\\STM32F4xx_StdPeriph_Driver\\src\\stm32f4xx_dac.c 0x00000000   Number         0  stm32f4xx_dac.o ABSOLUTE
    ..\\Libraries\\STM32F4xx_StdPeriph_Driver\\src\\stm32f4xx_dma.c 0x00000000   Number         0  stm32f4xx_dma.o ABSOLUTE
    ..\\Libraries\\STM32F4xx_StdPeriph_Driver\\src\\stm32f4xx_exti.c 0x00000000   Number         0  stm32f4xx_exti.o ABSOLUTE
    ..\\Libraries\\STM32F4xx_StdPeriph_Driver\\src\\stm32f4xx_flash.c 0x00000000   Number         0  stm32f4xx_flash.o ABSOLUTE
    ..\\Libraries\\STM32F4xx_StdPeriph_Driver\\src\\stm32f4xx_gpio.c 0x00000000   Number         0  stm32f4xx_gpio.o ABSOLUTE
    ..\\Libraries\\STM32F4xx_StdPeriph_Driver\\src\\stm32f4xx_i2c.c 0x00000000   Number         0  stm32f4xx_i2c.o ABSOLUTE
    ..\\Libraries\\STM32F4xx_StdPeriph_Driver\\src\\stm32f4xx_rcc.c 0x00000000   Number         0  stm32f4xx_rcc.o ABSOLUTE
    ..\\Libraries\\STM32F4xx_StdPeriph_Driver\\src\\stm32f4xx_spi.c 0x00000000   Number         0  stm32f4xx_spi.o ABSOLUTE
    ..\\Libraries\\STM32F4xx_StdPeriph_Driver\\src\\stm32f4xx_syscfg.c 0x00000000   Number         0  stm32f4xx_syscfg.o ABSOLUTE
    ..\\Libraries\\STM32F4xx_StdPeriph_Driver\\src\\stm32f4xx_tim.c 0x00000000   Number         0  stm32f4xx_tim.o ABSOLUTE
    ..\\Libraries\\STM32_USB_Device_Library\\Class\\hid_custom\\src\\usbd_hid_core.c 0x00000000   Number         0  usbd_hid_core.o ABSOLUTE
    ..\\Libraries\\STM32_USB_Device_Library\\Core\\src\\usbd_core.c 0x00000000   Number         0  usbd_core.o ABSOLUTE
    ..\\Libraries\\STM32_USB_Device_Library\\Core\\src\\usbd_ioreq.c 0x00000000   Number         0  usbd_ioreq.o ABSOLUTE
    ..\\Libraries\\STM32_USB_Device_Library\\Core\\src\\usbd_req.c 0x00000000   Number         0  usbd_req.o ABSOLUTE
    ..\\Libraries\\STM32_USB_OTG_Driver\\src\\usb_core.c 0x00000000   Number         0  usb_core.o ABSOLUTE
    ..\\Libraries\\STM32_USB_OTG_Driver\\src\\usb_dcd.c 0x00000000   Number         0  usb_dcd.o ABSOLUTE
    ..\\Libraries\\STM32_USB_OTG_Driver\\src\\usb_dcd_int.c 0x00000000   Number         0  usb_dcd_int.o ABSOLUTE
    ..\\Utilities\\STM32F4-Discovery\\stm32f4_discovery.c 0x00000000   Number         0  stm32f4_discovery.o ABSOLUTE
    dc.s                                     0x00000000   Number         0  dc.o ABSOLUTE
    handlers.s                               0x00000000   Number         0  handlers.o ABSOLUTE
    init.s                                   0x00000000   Number         0  init.o ABSOLUTE
    initialization.c                         0x00000000   Number         0  initialization.o ABSOLUTE
    initialization.c                         0x00000000   Number         0  initialization.o ABSOLUTE
    main.c                                   0x00000000   Number         0  main.o ABSOLUTE
    main.c                                   0x00000000   Number         0  main.o ABSOLUTE
    outputs.c                                0x00000000   Number         0  outputs.o ABSOLUTE
    outputs.c                                0x00000000   Number         0  outputs.o ABSOLUTE
    startup_stm32f4xx.s                      0x00000000   Number         0  startup_stm32f4xx.o ABSOLUTE
    stm32f4xx_it.c                           0x00000000   Number         0  stm32f4xx_it.o ABSOLUTE
    stm32f4xx_it.c                           0x00000000   Number         0  stm32f4xx_it.o ABSOLUTE
    system_stm32f4xx.c                       0x00000000   Number         0  system_stm32f4xx.o ABSOLUTE
    system_stm32f4xx.c                       0x00000000   Number         0  system_stm32f4xx.o ABSOLUTE
    usb_bsp.c                                0x00000000   Number         0  usb_bsp.o ABSOLUTE
    usb_bsp.c                                0x00000000   Number         0  usb_bsp.o ABSOLUTE
    usbd_desc.c                              0x00000000   Number         0  usbd_desc.o ABSOLUTE
    usbd_desc.c                              0x00000000   Number         0  usbd_desc.o ABSOLUTE
    usbd_usr.c                               0x00000000   Number         0  usbd_usr.o ABSOLUTE
    usbd_usr.c                               0x00000000   Number         0  usbd_usr.o ABSOLUTE
    RESET                                    0x08000000   Section      392  startup_stm32f4xx.o(RESET)
    .ARM.Collect$$$$00000000                 0x08000188   Section        0  entry.o(.ARM.Collect$$$$00000000)
    .ARM.Collect$$$$00000001                 0x08000188   Section        4  entry2.o(.ARM.Collect$$$$00000001)
    .ARM.Collect$$$$00000004                 0x0800018c   Section        4  entry5.o(.ARM.Collect$$$$00000004)
    .ARM.Collect$$$$00000008                 0x08000190   Section        0  entry7b.o(.ARM.Collect$$$$00000008)
    .ARM.Collect$$$$0000000A                 0x08000190   Section        0  entry8b.o(.ARM.Collect$$$$0000000A)
    .ARM.Collect$$$$0000000B                 0x08000190   Section        8  entry9a.o(.ARM.Collect$$$$0000000B)
    .ARM.Collect$$$$0000000D                 0x08000198   Section        0  entry10a.o(.ARM.Collect$$$$0000000D)
    .ARM.Collect$$$$0000000F                 0x08000198   Section        0  entry11a.o(.ARM.Collect$$$$0000000F)
    .ARM.Collect$$$$00002712                 0x08000198   Section        4  entry2.o(.ARM.Collect$$$$00002712)
    __lit__00000000                          0x08000198   Data           4  entry2.o(.ARM.Collect$$$$00002712)
    .text                                    0x0800019c   Section       36  startup_stm32f4xx.o(.text)
    $v0                                      0x0800019c   Number         0  startup_stm32f4xx.o(.text)
    .text                                    0x080001c0   Section       36  init.o(.text)
    .text                                    0x080001e4   Section        0  __dclz77c.o(.text)
    i.BusFault_Handler                       0x08000242   Section        0  stm32f4xx_it.o(i.BusFault_Handler)
    i.ClearBigRXorBigTX_MCU2                 0x08000248   Section        0  usbd_hid_core.o(i.ClearBigRXorBigTX_MCU2)
    i.ClearRXorTX_MCU2                       0x080002b8   Section        0  usbd_hid_core.o(i.ClearRXorTX_MCU2)
    i.DCD_EP_Close                           0x0800034c   Section        0  usb_dcd.o(i.DCD_EP_Close)
    i.DCD_EP_ClrStall                        0x08000396   Section        0  usb_dcd.o(i.DCD_EP_ClrStall)
    i.DCD_EP_Flush                           0x080003de   Section        0  usb_dcd.o(i.DCD_EP_Flush)
    i.DCD_EP_Open                            0x08000402   Section        0  usb_dcd.o(i.DCD_EP_Open)
    i.DCD_EP_PrepareRx                       0x0800046a   Section        0  usb_dcd.o(i.DCD_EP_PrepareRx)
    i.DCD_EP_SetAddress                      0x080004bc   Section        0  usb_dcd.o(i.DCD_EP_SetAddress)
    i.DCD_EP_Stall                           0x080004d8   Section        0  usb_dcd.o(i.DCD_EP_Stall)
    i.DCD_EP_Tx                              0x08000520   Section        0  usb_dcd.o(i.DCD_EP_Tx)
    i.DCD_HandleEnumDone_ISR                 0x0800056e   Section        0  usb_dcd_int.o(i.DCD_HandleEnumDone_ISR)
    DCD_HandleEnumDone_ISR                   0x0800056f   Thumb Code   102  usb_dcd_int.o(i.DCD_HandleEnumDone_ISR)
    i.DCD_HandleInEP_ISR                     0x080005d4   Section        0  usb_dcd_int.o(i.DCD_HandleInEP_ISR)
    DCD_HandleInEP_ISR                       0x080005d5   Thumb Code   388  usb_dcd_int.o(i.DCD_HandleInEP_ISR)
    i.DCD_HandleOutEP_ISR                    0x0800075c   Section        0  usb_dcd_int.o(i.DCD_HandleOutEP_ISR)
    DCD_HandleOutEP_ISR                      0x0800075d   Thumb Code   288  usb_dcd_int.o(i.DCD_HandleOutEP_ISR)
    i.DCD_HandleResume_ISR                   0x08000880   Section        0  usb_dcd_int.o(i.DCD_HandleResume_ISR)
    DCD_HandleResume_ISR                     0x08000881   Thumb Code   100  usb_dcd_int.o(i.DCD_HandleResume_ISR)
    i.DCD_HandleRxStatusQueueLevel_ISR       0x080008e8   Section        0  usb_dcd_int.o(i.DCD_HandleRxStatusQueueLevel_ISR)
    DCD_HandleRxStatusQueueLevel_ISR         0x080008e9   Thumb Code   176  usb_dcd_int.o(i.DCD_HandleRxStatusQueueLevel_ISR)
    i.DCD_HandleSof_ISR                      0x08000998   Section        0  usb_dcd_int.o(i.DCD_HandleSof_ISR)
    DCD_HandleSof_ISR                        0x08000999   Thumb Code    38  usb_dcd_int.o(i.DCD_HandleSof_ISR)
    i.DCD_HandleUSBSuspend_ISR               0x080009c4   Section        0  usb_dcd_int.o(i.DCD_HandleUSBSuspend_ISR)
    DCD_HandleUSBSuspend_ISR                 0x080009c5   Thumb Code   126  usb_dcd_int.o(i.DCD_HandleUSBSuspend_ISR)
    i.DCD_HandleUsbReset_ISR                 0x08000a4c   Section        0  usb_dcd_int.o(i.DCD_HandleUsbReset_ISR)
    DCD_HandleUsbReset_ISR                   0x08000a4d   Thumb Code   284  usb_dcd_int.o(i.DCD_HandleUsbReset_ISR)
    i.DCD_Init                               0x08000b6c   Section        0  usb_dcd.o(i.DCD_Init)
    i.DCD_IsoINIncomplete_ISR                0x08000c08   Section        0  usb_dcd_int.o(i.DCD_IsoINIncomplete_ISR)
    DCD_IsoINIncomplete_ISR                  0x08000c09   Thumb Code    40  usb_dcd_int.o(i.DCD_IsoINIncomplete_ISR)
    i.DCD_IsoOUTIncomplete_ISR               0x08000c34   Section        0  usb_dcd_int.o(i.DCD_IsoOUTIncomplete_ISR)
    DCD_IsoOUTIncomplete_ISR                 0x08000c35   Thumb Code    40  usb_dcd_int.o(i.DCD_IsoOUTIncomplete_ISR)
    i.DCD_ReadDevInEP                        0x08000c60   Section        0  usb_dcd_int.o(i.DCD_ReadDevInEP)
    DCD_ReadDevInEP                          0x08000c61   Thumb Code    40  usb_dcd_int.o(i.DCD_ReadDevInEP)
    i.DCD_WriteEmptyTxFifo                   0x08000c88   Section        0  usb_dcd_int.o(i.DCD_WriteEmptyTxFifo)
    DCD_WriteEmptyTxFifo                     0x08000c89   Thumb Code   144  usb_dcd_int.o(i.DCD_WriteEmptyTxFifo)
    i.DMA1_Stream0_IRQHandler                0x08000d18   Section        0  stm32f4xx_it.o(i.DMA1_Stream0_IRQHandler)
    i.DebugMon_Handler                       0x08000d1a   Section        0  stm32f4xx_it.o(i.DebugMon_Handler)
    i.Delay                                  0x08000d1c   Section        0  main.o(i.Delay)
    i.EXTI_ClearITPendingBit                 0x08000d2c   Section        0  stm32f4xx_exti.o(i.EXTI_ClearITPendingBit)
    i.EXTI_Init                              0x08000d38   Section        0  stm32f4xx_exti.o(i.EXTI_Init)
    i.GPIO_Init                              0x08000dcc   Section        0  stm32f4xx_gpio.o(i.GPIO_Init)
    i.GPIO_PinAFConfig                       0x08000e5c   Section        0  stm32f4xx_gpio.o(i.GPIO_PinAFConfig)
    i.GPIO_ResetBits                         0x08000ea2   Section        0  stm32f4xx_gpio.o(i.GPIO_ResetBits)
    i.GPIO_SetBits                           0x08000ea6   Section        0  stm32f4xx_gpio.o(i.GPIO_SetBits)
    i.HardFault_Handler                      0x08000eaa   Section        0  stm32f4xx_it.o(i.HardFault_Handler)
    i.MemManage_Handler                      0x08000eae   Section        0  stm32f4xx_it.o(i.MemManage_Handler)
    i.NMI_Handler                            0x08000eb2   Section        0  stm32f4xx_it.o(i.NMI_Handler)
    i.NVIC_Init                              0x08000eb4   Section        0  misc.o(i.NVIC_Init)
    i.NVIC_PriorityGroupConfig               0x08000f2c   Section        0  misc.o(i.NVIC_PriorityGroupConfig)
    i.OTG_FS_IRQHandler                      0x08000f40   Section        0  stm32f4xx_it.o(i.OTG_FS_IRQHandler)
    i.OTG_FS_WKUP_IRQHandler                 0x08000f50   Section        0  stm32f4xx_it.o(i.OTG_FS_WKUP_IRQHandler)
    i.PendSV_Handler                         0x08000f80   Section        0  stm32f4xx_it.o(i.PendSV_Handler)
    i.ProcessReport_MCU2                     0x08000f84   Section        0  usbd_hid_core.o(i.ProcessReport_MCU2)
    i.RCC_AHB1PeriphClockCmd                 0x08000ff4   Section        0  stm32f4xx_rcc.o(i.RCC_AHB1PeriphClockCmd)
    i.RCC_AHB2PeriphClockCmd                 0x08001014   Section        0  stm32f4xx_rcc.o(i.RCC_AHB2PeriphClockCmd)
    i.RCC_APB1PeriphResetCmd                 0x08001034   Section        0  stm32f4xx_rcc.o(i.RCC_APB1PeriphResetCmd)
    i.RCC_APB2PeriphClockCmd                 0x08001054   Section        0  stm32f4xx_rcc.o(i.RCC_APB2PeriphClockCmd)
    i.STM_EVAL_PBInit                        0x08001074   Section        0  stm32f4_discovery.o(i.STM_EVAL_PBInit)
    i.SVC_Handler                            0x0800111c   Section        0  stm32f4xx_it.o(i.SVC_Handler)
    i.SYSCFG_EXTILineConfig                  0x08001120   Section        0  stm32f4xx_syscfg.o(i.SYSCFG_EXTILineConfig)
    i.SetSysClock                            0x08001160   Section        0  system_stm32f4xx.o(i.SetSysClock)
    SetSysClock                              0x08001161   Thumb Code   270  system_stm32f4xx.o(i.SetSysClock)
    i.SysTick_Handler                        0x08001284   Section        0  stm32f4xx_it.o(i.SysTick_Handler)
    i.SystemInit                             0x08001288   Section        0  system_stm32f4xx.o(i.SystemInit)
    i.TIM3_IRQHandler                        0x080012e4   Section        0  stm32f4xx_it.o(i.TIM3_IRQHandler)
    i.USBD_ClrCfg                            0x080012e6   Section        0  usbd_core.o(i.USBD_ClrCfg)
    i.USBD_ClrFeature                        0x080012fc   Section        0  usbd_req.o(i.USBD_ClrFeature)
    USBD_ClrFeature                          0x080012fd   Thumb Code    72  usbd_req.o(i.USBD_ClrFeature)
    i.USBD_CtlContinueRx                     0x08001344   Section        0  usbd_ioreq.o(i.USBD_CtlContinueRx)
    i.USBD_CtlContinueSendData               0x08001362   Section        0  usbd_ioreq.o(i.USBD_CtlContinueSendData)
    i.USBD_CtlError                          0x08001380   Section        0  usbd_req.o(i.USBD_CtlError)
    i.USBD_CtlReceiveStatus                  0x080013b8   Section        0  usbd_ioreq.o(i.USBD_CtlReceiveStatus)
    i.USBD_CtlSendData                       0x080013dc   Section        0  usbd_ioreq.o(i.USBD_CtlSendData)
    i.USBD_CtlSendStatus                     0x0800140a   Section        0  usbd_ioreq.o(i.USBD_CtlSendStatus)
    i.USBD_DataInStage                       0x0800142e   Section        0  usbd_core.o(i.USBD_DataInStage)
    USBD_DataInStage                         0x0800142f   Thumb Code   184  usbd_core.o(i.USBD_DataInStage)
    i.USBD_DataOutStage                      0x080014e6   Section        0  usbd_core.o(i.USBD_DataOutStage)
    USBD_DataOutStage                        0x080014e7   Thumb Code   150  usbd_core.o(i.USBD_DataOutStage)
    i.USBD_DeInit                            0x0800157c   Section        0  usbd_core.o(i.USBD_DeInit)
    i.USBD_GetConfig                         0x08001584   Section        0  usbd_req.o(i.USBD_GetConfig)
    USBD_GetConfig                           0x08001585   Thumb Code    78  usbd_req.o(i.USBD_GetConfig)
    i.USBD_GetDescriptor                     0x080015d8   Section        0  usbd_req.o(i.USBD_GetDescriptor)
    USBD_GetDescriptor                       0x080015d9   Thumb Code   290  usbd_req.o(i.USBD_GetDescriptor)
    i.USBD_GetLen                            0x080016fa   Section        0  usbd_req.o(i.USBD_GetLen)
    USBD_GetLen                              0x080016fb   Thumb Code    20  usbd_req.o(i.USBD_GetLen)
    i.USBD_GetStatus                         0x08001710   Section        0  usbd_req.o(i.USBD_GetStatus)
    USBD_GetStatus                           0x08001711   Thumb Code    72  usbd_req.o(i.USBD_GetStatus)
    i.USBD_GetString                         0x0800175c   Section        0  usbd_req.o(i.USBD_GetString)
    i.USBD_HID_DataIn                        0x080017ae   Section        0  usbd_hid_core.o(i.USBD_HID_DataIn)
    USBD_HID_DataIn                          0x080017af   Thumb Code    18  usbd_hid_core.o(i.USBD_HID_DataIn)
    i.USBD_HID_DataOut                       0x080017c0   Section        0  usbd_hid_core.o(i.USBD_HID_DataOut)
    USBD_HID_DataOut                         0x080017c1   Thumb Code    48  usbd_hid_core.o(i.USBD_HID_DataOut)
    i.USBD_HID_DeInit                        0x080017f4   Section        0  usbd_hid_core.o(i.USBD_HID_DeInit)
    USBD_HID_DeInit                          0x080017f5   Thumb Code    26  usbd_hid_core.o(i.USBD_HID_DeInit)
    i.USBD_HID_GetCfgDesc                    0x08001810   Section        0  usbd_hid_core.o(i.USBD_HID_GetCfgDesc)
    USBD_HID_GetCfgDesc                      0x08001811   Thumb Code    10  usbd_hid_core.o(i.USBD_HID_GetCfgDesc)
    i.USBD_HID_Init                          0x08001820   Section        0  usbd_hid_core.o(i.USBD_HID_Init)
    USBD_HID_Init                            0x08001821   Thumb Code    46  usbd_hid_core.o(i.USBD_HID_Init)
    i.USBD_HID_Setup                         0x08001854   Section        0  usbd_hid_core.o(i.USBD_HID_Setup)
    USBD_HID_Setup                           0x08001855   Thumb Code   218  usbd_hid_core.o(i.USBD_HID_Setup)
    i.USBD_Init                              0x08001944   Section        0  usbd_core.o(i.USBD_Init)
    i.USBD_IsoINIncomplete                   0x08001986   Section        0  usbd_core.o(i.USBD_IsoINIncomplete)
    USBD_IsoINIncomplete                     0x08001987   Thumb Code    18  usbd_core.o(i.USBD_IsoINIncomplete)
    i.USBD_IsoOUTIncomplete                  0x08001998   Section        0  usbd_core.o(i.USBD_IsoOUTIncomplete)
    USBD_IsoOUTIncomplete                    0x08001999   Thumb Code    18  usbd_core.o(i.USBD_IsoOUTIncomplete)
    i.USBD_OTG_ISR_Handler                   0x080019aa   Section        0  usb_dcd_int.o(i.USBD_OTG_ISR_Handler)
    i.USBD_ParseSetupRequest                 0x08001a8a   Section        0  usbd_req.o(i.USBD_ParseSetupRequest)
    i.USBD_Reset                             0x08001ad2   Section        0  usbd_core.o(i.USBD_Reset)
    USBD_Reset                               0x08001ad3   Thumb Code    50  usbd_core.o(i.USBD_Reset)
    i.USBD_Resume                            0x08001b04   Section        0  usbd_core.o(i.USBD_Resume)
    USBD_Resume                              0x08001b05   Thumb Code    24  usbd_core.o(i.USBD_Resume)
    i.USBD_SOF                               0x08001b1c   Section        0  usbd_core.o(i.USBD_SOF)
    USBD_SOF                                 0x08001b1d   Thumb Code    26  usbd_core.o(i.USBD_SOF)
    i.USBD_SetAddress                        0x08001b36   Section        0  usbd_req.o(i.USBD_SetAddress)
    USBD_SetAddress                          0x08001b37   Thumb Code    92  usbd_req.o(i.USBD_SetAddress)
    i.USBD_SetCfg                            0x08001b92   Section        0  usbd_core.o(i.USBD_SetCfg)
    i.USBD_SetConfig                         0x08001bb0   Section        0  usbd_req.o(i.USBD_SetConfig)
    USBD_SetConfig                           0x08001bb1   Thumb Code   204  usbd_req.o(i.USBD_SetConfig)
    i.USBD_SetFeature                        0x08001c80   Section        0  usbd_req.o(i.USBD_SetFeature)
    USBD_SetFeature                          0x08001c81   Thumb Code   152  usbd_req.o(i.USBD_SetFeature)
    i.USBD_SetupStage                        0x08001d18   Section        0  usbd_core.o(i.USBD_SetupStage)
    USBD_SetupStage                          0x08001d19   Thumb Code    84  usbd_core.o(i.USBD_SetupStage)
    i.USBD_StdDevReq                         0x08001d6c   Section        0  usbd_req.o(i.USBD_StdDevReq)
    i.USBD_StdEPReq                          0x08001de0   Section        0  usbd_req.o(i.USBD_StdEPReq)
    i.USBD_StdItfReq                         0x08001f3c   Section        0  usbd_req.o(i.USBD_StdItfReq)
    i.USBD_Suspend                           0x08001f88   Section        0  usbd_core.o(i.USBD_Suspend)
    USBD_Suspend                             0x08001f89   Thumb Code    24  usbd_core.o(i.USBD_Suspend)
    i.USBD_USR_ConfigStrDescriptor           0x08001fa0   Section        0  usbd_desc.o(i.USBD_USR_ConfigStrDescriptor)
    i.USBD_USR_DeviceConfigured              0x08001fd4   Section        0  usbd_usr.o(i.USBD_USR_DeviceConfigured)
    i.USBD_USR_DeviceConnected               0x08001fd6   Section        0  usbd_usr.o(i.USBD_USR_DeviceConnected)
    i.USBD_USR_DeviceDescriptor              0x08001fd8   Section        0  usbd_desc.o(i.USBD_USR_DeviceDescriptor)
    i.USBD_USR_DeviceDisconnected            0x08001fe8   Section        0  usbd_usr.o(i.USBD_USR_DeviceDisconnected)
    i.USBD_USR_DeviceReset                   0x08001fea   Section        0  usbd_usr.o(i.USBD_USR_DeviceReset)
    i.USBD_USR_DeviceResumed                 0x08001ffc   Section        0  usbd_usr.o(i.USBD_USR_DeviceResumed)
    i.USBD_USR_DeviceSuspended               0x08001ffe   Section        0  usbd_usr.o(i.USBD_USR_DeviceSuspended)
    i.USBD_USR_Init                          0x08002000   Section        0  usbd_usr.o(i.USBD_USR_Init)
    i.USBD_USR_InterfaceStrDescriptor        0x08002068   Section        0  usbd_desc.o(i.USBD_USR_InterfaceStrDescriptor)
    i.USBD_USR_LangIDStrDescriptor           0x080020a0   Section        0  usbd_desc.o(i.USBD_USR_LangIDStrDescriptor)
    i.USBD_USR_ManufacturerStrDescriptor     0x080020b0   Section        0  usbd_desc.o(i.USBD_USR_ManufacturerStrDescriptor)
    i.USBD_USR_ProductStrDescriptor          0x080020dc   Section        0  usbd_desc.o(i.USBD_USR_ProductStrDescriptor)
    i.USBD_USR_SerialStrDescriptor           0x0800212c   Section        0  usbd_desc.o(i.USBD_USR_SerialStrDescriptor)
    i.USB_OTG_BSP_EnableInterrupt            0x08002174   Section        0  usb_bsp.o(i.USB_OTG_BSP_EnableInterrupt)
    i.USB_OTG_BSP_Init                       0x080021a0   Section        0  usb_bsp.o(i.USB_OTG_BSP_Init)
    i.USB_OTG_BSP_mDelay                     0x0800223c   Section        0  usb_bsp.o(i.USB_OTG_BSP_mDelay)
    i.USB_OTG_BSP_uDelay                     0x0800224e   Section        0  usb_bsp.o(i.USB_OTG_BSP_uDelay)
    i.USB_OTG_CoreInit                       0x0800226c   Section        0  usb_core.o(i.USB_OTG_CoreInit)
    i.USB_OTG_CoreInitDev                    0x0800243a   Section        0  usb_core.o(i.USB_OTG_CoreInitDev)
    i.USB_OTG_CoreReset                      0x08002644   Section        0  usb_core.o(i.USB_OTG_CoreReset)
    USB_OTG_CoreReset                        0x08002645   Thumb Code   108  usb_core.o(i.USB_OTG_CoreReset)
    i.USB_OTG_DisableGlobalInt               0x080026b4   Section        0  usb_core.o(i.USB_OTG_DisableGlobalInt)
    i.USB_OTG_EP0Activate                    0x080026d6   Section        0  usb_core.o(i.USB_OTG_EP0Activate)
    i.USB_OTG_EP0StartXfer                   0x08002740   Section        0  usb_core.o(i.USB_OTG_EP0StartXfer)
    i.USB_OTG_EP0_OutStart                   0x08002896   Section        0  usb_core.o(i.USB_OTG_EP0_OutStart)
    i.USB_OTG_EPActivate                     0x080028f8   Section        0  usb_core.o(i.USB_OTG_EPActivate)
    i.USB_OTG_EPClearStall                   0x08002990   Section        0  usb_core.o(i.USB_OTG_EPClearStall)
    i.USB_OTG_EPDeactivate                   0x080029e0   Section        0  usb_core.o(i.USB_OTG_EPDeactivate)
    i.USB_OTG_EPSetStall                     0x08002a3e   Section        0  usb_core.o(i.USB_OTG_EPSetStall)
    i.USB_OTG_EPStartXfer                    0x08002aa2   Section        0  usb_core.o(i.USB_OTG_EPStartXfer)
    i.USB_OTG_EnableCommonInt                0x08002c98   Section        0  usb_core.o(i.USB_OTG_EnableCommonInt)
    USB_OTG_EnableCommonInt                  0x08002c99   Thumb Code    48  usb_core.o(i.USB_OTG_EnableCommonInt)
    i.USB_OTG_EnableDevInt                   0x08002cc8   Section        0  usb_core.o(i.USB_OTG_EnableDevInt)
    i.USB_OTG_EnableGlobalInt                0x08002d60   Section        0  usb_core.o(i.USB_OTG_EnableGlobalInt)
    i.USB_OTG_FlushRxFifo                    0x08002d84   Section        0  usb_core.o(i.USB_OTG_FlushRxFifo)
    i.USB_OTG_FlushTxFifo                    0x08002dd0   Section        0  usb_core.o(i.USB_OTG_FlushTxFifo)
    i.USB_OTG_GetDeviceSpeed                 0x08002e24   Section        0  usb_core.o(i.USB_OTG_GetDeviceSpeed)
    i.USB_OTG_GetMode                        0x08002e58   Section        0  usb_core.o(i.USB_OTG_GetMode)
    i.USB_OTG_InitDevSpeed                   0x08002e64   Section        0  usb_core.o(i.USB_OTG_InitDevSpeed)
    i.USB_OTG_IsDeviceMode                   0x08002e7c   Section        0  usb_core.o(i.USB_OTG_IsDeviceMode)
    i.USB_OTG_ReadCoreItr                    0x08002e92   Section        0  usb_core.o(i.USB_OTG_ReadCoreItr)
    i.USB_OTG_ReadDevAllInEPItr              0x08002ea2   Section        0  usb_core.o(i.USB_OTG_ReadDevAllInEPItr)
    i.USB_OTG_ReadDevAllOutEp_itr            0x08002eb2   Section        0  usb_core.o(i.USB_OTG_ReadDevAllOutEp_itr)
    i.USB_OTG_ReadDevOutEP_itr               0x08002ec2   Section        0  usb_core.o(i.USB_OTG_ReadDevOutEP_itr)
    i.USB_OTG_ReadPacket                     0x08002ed6   Section        0  usb_core.o(i.USB_OTG_ReadPacket)
    i.USB_OTG_SelectCore                     0x08002f00   Section        0  usb_core.o(i.USB_OTG_SelectCore)
    i.USB_OTG_SetCurrentMode                 0x08002fd0   Section        0  usb_core.o(i.USB_OTG_SetCurrentMode)
    i.USB_OTG_UngateClock                    0x0800301e   Section        0  usb_core.o(i.USB_OTG_UngateClock)
    i.USB_OTG_WritePacket                    0x08003054   Section        0  usb_core.o(i.USB_OTG_WritePacket)
    i.UsageFault_Handler                     0x08003094   Section        0  stm32f4xx_it.o(i.UsageFault_Handler)
    i.__scatterload_copy                     0x08003098   Section       14  handlers.o(i.__scatterload_copy)
    i.__scatterload_null                     0x080030a6   Section        2  handlers.o(i.__scatterload_null)
    i.__scatterload_zeroinit                 0x080030a8   Section       14  handlers.o(i.__scatterload_zeroinit)
    i.initialize_outputs                     0x080030b8   Section        0  initialization.o(i.initialize_outputs)
    i.main                                   0x080031a4   Section        0  main.o(i.main)
    i.set_bits                               0x080031e8   Section        0  outputs.o(i.set_bits)
    i.toggle_LED                             0x080032ec   Section        0  outputs.o(i.toggle_LED)
    .constdata                               0x0800335c   Section       37  stm32f4_discovery.o(.constdata)
    .data                                    0x20000000   Section        6  main.o(.data)
    .data                                    0x20000008   Section       20  system_stm32f4xx.o(.data)
    .data                                    0x2000001c   Section       28  usbd_usr.o(.data)
    .data                                    0x20000038   Section        8  initialization.o(.data)
    .data                                    0x20000040   Section     1572  outputs.o(.data)
    .data                                    0x20000664   Section       60  usbd_desc.o(.data)
    .data                                    0x200006a0   Section       24  stm32f4_discovery.o(.data)
    .data                                    0x200006b8   Section       48  usbd_core.o(.data)
    .data                                    0x200006e8   Section       13  usbd_req.o(.data)
    cfgidx                                   0x200006f4   Data           1  usbd_req.o(.data)
    .data                                    0x200006f8   Section      493  usbd_hid_core.o(.data)
    USBD_HID_AltSet                          0x2000072c   Data           4  usbd_hid_core.o(.data)
    USBD_HID_Protocol                        0x20000730   Data           4  usbd_hid_core.o(.data)
    USBD_HID_IdleState                       0x20000734   Data           4  usbd_hid_core.o(.data)
    USBD_HID_CfgDesc                         0x20000738   Data          41  usbd_hid_core.o(.data)
    CustomHID_ReportDescriptor               0x20000761   Data         388  usbd_hid_core.o(.data)
    .bss                                     0x200008e8   Section     1520  main.o(.bss)
    .bss                                     0x20000ed8   Section       64  usbd_req.o(.bss)
    STACK                                    0x20000f18   Section     1024  startup_stm32f4xx.o(STACK)

    Global Symbols

    Symbol Name                              Value     Ov Type        Size  Object(Section)

    BuildAttributes$$THM_ISAv4$E$P$D$K$B$S$7EM$VFPi3$EXTD16$VFPS$VFMA$PE$A:L22UL41UL21$X:L11$S22US41US21$IEEE1$IW$USESV6$~STKCKD$USESV7$~SHL$OSPACE$EBA8$MICROLIB$REQ8$PRES8$EABIv2 0x00000000   Number         0  anon$$obj.o ABSOLUTE
    __ARM_use_no_argv                        0x00000000   Number         0  main.o ABSOLUTE
    __cpp_initialize__aeabi_                  - Undefined Weak Reference
    __cxa_finalize                            - Undefined Weak Reference
    _clock_init                               - Undefined Weak Reference
    _microlib_exit                            - Undefined Weak Reference
    __Vectors_Size                           0x00000188   Number         0  startup_stm32f4xx.o ABSOLUTE
    __Vectors                                0x08000000   Data           4  startup_stm32f4xx.o(RESET)
    __Vectors_End                            0x08000188   Data           0  startup_stm32f4xx.o(RESET)
    __main                                   0x08000189   Thumb Code     0  entry.o(.ARM.Collect$$$$00000000)
    _main_stk                                0x08000189   Thumb Code     0  entry2.o(.ARM.Collect$$$$00000001)
    _main_scatterload                        0x0800018d   Thumb Code     0  entry5.o(.ARM.Collect$$$$00000004)
    __main_after_scatterload                 0x08000191   Thumb Code     0  entry5.o(.ARM.Collect$$$$00000004)
    _main_clock                              0x08000191   Thumb Code     0  entry7b.o(.ARM.Collect$$$$00000008)
    _main_cpp_init                           0x08000191   Thumb Code     0  entry8b.o(.ARM.Collect$$$$0000000A)
    _main_init                               0x08000191   Thumb Code     0  entry9a.o(.ARM.Collect$$$$0000000B)
    __rt_final_cpp                           0x08000199   Thumb Code     0  entry10a.o(.ARM.Collect$$$$0000000D)
    __rt_final_exit                          0x08000199   Thumb Code     0  entry11a.o(.ARM.Collect$$$$0000000F)
    Reset_Handler                            0x0800019d   Thumb Code     8  startup_stm32f4xx.o(.text)
    ADC_IRQHandler                           0x080001b7   Thumb Code     0  startup_stm32f4xx.o(.text)
    CAN1_RX0_IRQHandler                      0x080001b7   Thumb Code     0  startup_stm32f4xx.o(.text)
    CAN1_RX1_IRQHandler                      0x080001b7   Thumb Code     0  startup_stm32f4xx.o(.text)
    CAN1_SCE_IRQHandler                      0x080001b7   Thumb Code     0  startup_stm32f4xx.o(.text)
    CAN1_TX_IRQHandler                       0x080001b7   Thumb Code     0  startup_stm32f4xx.o(.text)
    CAN2_RX0_IRQHandler                      0x080001b7   Thumb Code     0  startup_stm32f4xx.o(.text)
    CAN2_RX1_IRQHandler                      0x080001b7   Thumb Code     0  startup_stm32f4xx.o(.text)
    CAN2_SCE_IRQHandler                      0x080001b7   Thumb Code     0  startup_stm32f4xx.o(.text)
    CAN2_TX_IRQHandler                       0x080001b7   Thumb Code     0  startup_stm32f4xx.o(.text)
    CRYP_IRQHandler                          0x080001b7   Thumb Code     0  startup_stm32f4xx.o(.text)
    DCMI_IRQHandler                          0x080001b7   Thumb Code     0  startup_stm32f4xx.o(.text)
    DMA1_Stream1_IRQHandler                  0x080001b7   Thumb Code     0  startup_stm32f4xx.o(.text)
    DMA1_Stream2_IRQHandler                  0x080001b7   Thumb Code     0  startup_stm32f4xx.o(.text)
    DMA1_Stream3_IRQHandler                  0x080001b7   Thumb Code     0  startup_stm32f4xx.o(.text)
    DMA1_Stream4_IRQHandler                  0x080001b7   Thumb Code     0  startup_stm32f4xx.o(.text)
    DMA1_Stream5_IRQHandler                  0x080001b7   Thumb Code     0  startup_stm32f4xx.o(.text)
    DMA1_Stream6_IRQHandler                  0x080001b7   Thumb Code     0  startup_stm32f4xx.o(.text)
    DMA1_Stream7_IRQHandler                  0x080001b7   Thumb Code     0  startup_stm32f4xx.o(.text)
    DMA2_Stream0_IRQHandler                  0x080001b7   Thumb Code     0  startup_stm32f4xx.o(.text)
    DMA2_Stream1_IRQHandler                  0x080001b7   Thumb Code     0  startup_stm32f4xx.o(.text)
    DMA2_Stream2_IRQHandler                  0x080001b7   Thumb Code     0  startup_stm32f4xx.o(.text)
    DMA2_Stream3_IRQHandler                  0x080001b7   Thumb Code     0  startup_stm32f4xx.o(.text)
    DMA2_Stream4_IRQHandler                  0x080001b7   Thumb Code     0  startup_stm32f4xx.o(.text)
    DMA2_Stream5_IRQHandler                  0x080001b7   Thumb Code     0  startup_stm32f4xx.o(.text)
    DMA2_Stream6_IRQHandler                  0x080001b7   Thumb Code     0  startup_stm32f4xx.o(.text)
    DMA2_Stream7_IRQHandler                  0x080001b7   Thumb Code     0  startup_stm32f4xx.o(.text)
    ETH_IRQHandler                           0x080001b7   Thumb Code     0  startup_stm32f4xx.o(.text)
    ETH_WKUP_IRQHandler                      0x080001b7   Thumb Code     0  startup_stm32f4xx.o(.text)
    EXTI0_IRQHandler                         0x080001b7   Thumb Code     0  startup_stm32f4xx.o(.text)
    EXTI15_10_IRQHandler                     0x080001b7   Thumb Code     0  startup_stm32f4xx.o(.text)
    EXTI1_IRQHandler                         0x080001b7   Thumb Code     0  startup_stm32f4xx.o(.text)
    EXTI2_IRQHandler                         0x080001b7   Thumb Code     0  startup_stm32f4xx.o(.text)
    EXTI3_IRQHandler                         0x080001b7   Thumb Code     0  startup_stm32f4xx.o(.text)
    EXTI4_IRQHandler                         0x080001b7   Thumb Code     0  startup_stm32f4xx.o(.text)
    EXTI9_5_IRQHandler                       0x080001b7   Thumb Code     0  startup_stm32f4xx.o(.text)
    FLASH_IRQHandler                         0x080001b7   Thumb Code     0  startup_stm32f4xx.o(.text)
    FPU_IRQHandler                           0x080001b7   Thumb Code     0  startup_stm32f4xx.o(.text)
    FSMC_IRQHandler                          0x080001b7   Thumb Code     0  startup_stm32f4xx.o(.text)
    HASH_RNG_IRQHandler                      0x080001b7   Thumb Code     0  startup_stm32f4xx.o(.text)
    I2C1_ER_IRQHandler                       0x080001b7   Thumb Code     0  startup_stm32f4xx.o(.text)
    I2C1_EV_IRQHandler                       0x080001b7   Thumb Code     0  startup_stm32f4xx.o(.text)
    I2C2_ER_IRQHandler                       0x080001b7   Thumb Code     0  startup_stm32f4xx.o(.text)
    I2C2_EV_IRQHandler                       0x080001b7   Thumb Code     0  startup_stm32f4xx.o(.text)
    I2C3_ER_IRQHandler                       0x080001b7   Thumb Code     0  startup_stm32f4xx.o(.text)
    I2C3_EV_IRQHandler                       0x080001b7   Thumb Code     0  startup_stm32f4xx.o(.text)
    OTG_HS_EP1_IN_IRQHandler                 0x080001b7   Thumb Code     0  startup_stm32f4xx.o(.text)
    OTG_HS_EP1_OUT_IRQHandler                0x080001b7   Thumb Code     0  startup_stm32f4xx.o(.text)
    OTG_HS_IRQHandler                        0x080001b7   Thumb Code     0  startup_stm32f4xx.o(.text)
    OTG_HS_WKUP_IRQHandler                   0x080001b7   Thumb Code     0  startup_stm32f4xx.o(.text)
    PVD_IRQHandler                           0x080001b7   Thumb Code     0  startup_stm32f4xx.o(.text)
    RCC_IRQHandler                           0x080001b7   Thumb Code     0  startup_stm32f4xx.o(.text)
    RTC_Alarm_IRQHandler                     0x080001b7   Thumb Code     0  startup_stm32f4xx.o(.text)
    RTC_WKUP_IRQHandler                      0x080001b7   Thumb Code     0  startup_stm32f4xx.o(.text)
    SDIO_IRQHandler                          0x080001b7   Thumb Code     0  startup_stm32f4xx.o(.text)
    SPI1_IRQHandler                          0x080001b7   Thumb Code     0  startup_stm32f4xx.o(.text)
    SPI2_IRQHandler                          0x080001b7   Thumb Code     0  startup_stm32f4xx.o(.text)
    SPI3_IRQHandler                          0x080001b7   Thumb Code     0  startup_stm32f4xx.o(.text)
    TAMP_STAMP_IRQHandler                    0x080001b7   Thumb Code     0  startup_stm32f4xx.o(.text)
    TIM1_BRK_TIM9_IRQHandler                 0x080001b7   Thumb Code     0  startup_stm32f4xx.o(.text)
    TIM1_CC_IRQHandler                       0x080001b7   Thumb Code     0  startup_stm32f4xx.o(.text)
    TIM1_TRG_COM_TIM11_IRQHandler            0x080001b7   Thumb Code     0  startup_stm32f4xx.o(.text)
    TIM1_UP_TIM10_IRQHandler                 0x080001b7   Thumb Code     0  startup_stm32f4xx.o(.text)
    TIM2_IRQHandler                          0x080001b7   Thumb Code     0  startup_stm32f4xx.o(.text)
    TIM4_IRQHandler                          0x080001b7   Thumb Code     0  startup_stm32f4xx.o(.text)
    TIM5_IRQHandler                          0x080001b7   Thumb Code     0  startup_stm32f4xx.o(.text)
    TIM6_DAC_IRQHandler                      0x080001b7   Thumb Code     0  startup_stm32f4xx.o(.text)
    TIM7_IRQHandler                          0x080001b7   Thumb Code     0  startup_stm32f4xx.o(.text)
    TIM8_BRK_TIM12_IRQHandler                0x080001b7   Thumb Code     0  startup_stm32f4xx.o(.text)
    TIM8_CC_IRQHandler                       0x080001b7   Thumb Code     0  startup_stm32f4xx.o(.text)
    TIM8_TRG_COM_TIM14_IRQHandler            0x080001b7   Thumb Code     0  startup_stm32f4xx.o(.text)
    TIM8_UP_TIM13_IRQHandler                 0x080001b7   Thumb Code     0  startup_stm32f4xx.o(.text)
    UART4_IRQHandler                         0x080001b7   Thumb Code     0  startup_stm32f4xx.o(.text)
    UART5_IRQHandler                         0x080001b7   Thumb Code     0  startup_stm32f4xx.o(.text)
    USART1_IRQHandler                        0x080001b7   Thumb Code     0  startup_stm32f4xx.o(.text)
    USART2_IRQHandler                        0x080001b7   Thumb Code     0  startup_stm32f4xx.o(.text)
    USART3_IRQHandler                        0x080001b7   Thumb Code     0  startup_stm32f4xx.o(.text)
    USART6_IRQHandler                        0x080001b7   Thumb Code     0  startup_stm32f4xx.o(.text)
    WWDG_IRQHandler                          0x080001b7   Thumb Code     0  startup_stm32f4xx.o(.text)
    __scatterload                            0x080001c1   Thumb Code    28  init.o(.text)
    __scatterload_rt2                        0x080001c1   Thumb Code     0  init.o(.text)
    __decompress                             0x080001e5   Thumb Code     0  __dclz77c.o(.text)
    __decompress2                            0x080001e5   Thumb Code    94  __dclz77c.o(.text)
    BusFault_Handler                         0x08000243   Thumb Code     4  stm32f4xx_it.o(i.BusFault_Handler)
    ClearBigRXorBigTX_MCU2                   0x08000249   Thumb Code    92  usbd_hid_core.o(i.ClearBigRXorBigTX_MCU2)
    ClearRXorTX_MCU2                         0x080002b9   Thumb Code   130  usbd_hid_core.o(i.ClearRXorTX_MCU2)
    DCD_EP_Close                             0x0800034d   Thumb Code    74  usb_dcd.o(i.DCD_EP_Close)
    DCD_EP_ClrStall                          0x08000397   Thumb Code    72  usb_dcd.o(i.DCD_EP_ClrStall)
    DCD_EP_Flush                             0x080003df   Thumb Code    36  usb_dcd.o(i.DCD_EP_Flush)
    DCD_EP_Open                              0x08000403   Thumb Code   104  usb_dcd.o(i.DCD_EP_Open)
    DCD_EP_PrepareRx                         0x0800046b   Thumb Code    82  usb_dcd.o(i.DCD_EP_PrepareRx)
    DCD_EP_SetAddress                        0x080004bd   Thumb Code    28  usb_dcd.o(i.DCD_EP_SetAddress)
    DCD_EP_Stall                             0x080004d9   Thumb Code    72  usb_dcd.o(i.DCD_EP_Stall)
    DCD_EP_Tx                                0x08000521   Thumb Code    78  usb_dcd.o(i.DCD_EP_Tx)
    DCD_Init                                 0x08000b6d   Thumb Code   156  usb_dcd.o(i.DCD_Init)
    DMA1_Stream0_IRQHandler                  0x08000d19   Thumb Code     2  stm32f4xx_it.o(i.DMA1_Stream0_IRQHandler)
    DebugMon_Handler                         0x08000d1b   Thumb Code     2  stm32f4xx_it.o(i.DebugMon_Handler)
    Delay                                    0x08000d1d   Thumb Code    14  main.o(i.Delay)
    EXTI_ClearITPendingBit                   0x08000d2d   Thumb Code     6  stm32f4xx_exti.o(i.EXTI_ClearITPendingBit)
    EXTI_Init                                0x08000d39   Thumb Code   142  stm32f4xx_exti.o(i.EXTI_Init)
    GPIO_Init                                0x08000dcd   Thumb Code   144  stm32f4xx_gpio.o(i.GPIO_Init)
    GPIO_PinAFConfig                         0x08000e5d   Thumb Code    70  stm32f4xx_gpio.o(i.GPIO_PinAFConfig)
    GPIO_ResetBits                           0x08000ea3   Thumb Code     4  stm32f4xx_gpio.o(i.GPIO_ResetBits)
    GPIO_SetBits                             0x08000ea7   Thumb Code     4  stm32f4xx_gpio.o(i.GPIO_SetBits)
    HardFault_Handler                        0x08000eab   Thumb Code     4  stm32f4xx_it.o(i.HardFault_Handler)
    MemManage_Handler                        0x08000eaf   Thumb Code     4  stm32f4xx_it.o(i.MemManage_Handler)
    NMI_Handler                              0x08000eb3   Thumb Code     2  stm32f4xx_it.o(i.NMI_Handler)
    NVIC_Init                                0x08000eb5   Thumb Code   106  misc.o(i.NVIC_Init)
    NVIC_PriorityGroupConfig                 0x08000f2d   Thumb Code    10  misc.o(i.NVIC_PriorityGroupConfig)
    OTG_FS_IRQHandler                        0x08000f41   Thumb Code    10  stm32f4xx_it.o(i.OTG_FS_IRQHandler)
    OTG_FS_WKUP_IRQHandler                   0x08000f51   Thumb Code    40  stm32f4xx_it.o(i.OTG_FS_WKUP_IRQHandler)
    PendSV_Handler                           0x08000f81   Thumb Code     2  stm32f4xx_it.o(i.PendSV_Handler)
    ProcessReport_MCU2                       0x08000f85   Thumb Code    94  usbd_hid_core.o(i.ProcessReport_MCU2)
    RCC_AHB1PeriphClockCmd                   0x08000ff5   Thumb Code    26  stm32f4xx_rcc.o(i.RCC_AHB1PeriphClockCmd)
    RCC_AHB2PeriphClockCmd                   0x08001015   Thumb Code    26  stm32f4xx_rcc.o(i.RCC_AHB2PeriphClockCmd)
    RCC_APB1PeriphResetCmd                   0x08001035   Thumb Code    26  stm32f4xx_rcc.o(i.RCC_APB1PeriphResetCmd)
    RCC_APB2PeriphClockCmd                   0x08001055   Thumb Code    26  stm32f4xx_rcc.o(i.RCC_APB2PeriphClockCmd)
    STM_EVAL_PBInit                          0x08001075   Thumb Code   140  stm32f4_discovery.o(i.STM_EVAL_PBInit)
    SVC_Handler                              0x0800111d   Thumb Code     2  stm32f4xx_it.o(i.SVC_Handler)
    SYSCFG_EXTILineConfig                    0x08001121   Thumb Code    60  stm32f4xx_syscfg.o(i.SYSCFG_EXTILineConfig)
    SysTick_Handler                          0x08001285   Thumb Code     2  stm32f4xx_it.o(i.SysTick_Handler)
    SystemInit                               0x08001289   Thumb Code    74  system_stm32f4xx.o(i.SystemInit)
    TIM3_IRQHandler                          0x080012e5   Thumb Code     2  stm32f4xx_it.o(i.TIM3_IRQHandler)
    USBD_ClrCfg                              0x080012e7   Thumb Code    22  usbd_core.o(i.USBD_ClrCfg)
    USBD_CtlContinueRx                       0x08001345   Thumb Code    30  usbd_ioreq.o(i.USBD_CtlContinueRx)
    USBD_CtlContinueSendData                 0x08001363   Thumb Code    30  usbd_ioreq.o(i.USBD_CtlContinueSendData)
    USBD_CtlError                            0x08001381   Thumb Code    56  usbd_req.o(i.USBD_CtlError)
    USBD_CtlReceiveStatus                    0x080013b9   Thumb Code    36  usbd_ioreq.o(i.USBD_CtlReceiveStatus)
    USBD_CtlSendData                         0x080013dd   Thumb Code    46  usbd_ioreq.o(i.USBD_CtlSendData)
    USBD_CtlSendStatus                       0x0800140b   Thumb Code    36  usbd_ioreq.o(i.USBD_CtlSendStatus)
    USBD_DeInit                              0x0800157d   Thumb Code     6  usbd_core.o(i.USBD_DeInit)
    USBD_GetString                           0x0800175d   Thumb Code    82  usbd_req.o(i.USBD_GetString)
    USBD_Init                                0x08001945   Thumb Code    66  usbd_core.o(i.USBD_Init)
    USBD_OTG_ISR_Handler                     0x080019ab   Thumb Code   224  usb_dcd_int.o(i.USBD_OTG_ISR_Handler)
    USBD_ParseSetupRequest                   0x08001a8b   Thumb Code    72  usbd_req.o(i.USBD_ParseSetupRequest)
    USBD_SetCfg                              0x08001b93   Thumb Code    30  usbd_core.o(i.USBD_SetCfg)
    USBD_StdDevReq                           0x08001d6d   Thumb Code   114  usbd_req.o(i.USBD_StdDevReq)
    USBD_StdEPReq                            0x08001de1   Thumb Code   344  usbd_req.o(i.USBD_StdEPReq)
    USBD_StdItfReq                           0x08001f3d   Thumb Code    76  usbd_req.o(i.USBD_StdItfReq)
    USBD_USR_ConfigStrDescriptor             0x08001fa1   Thumb Code    34  usbd_desc.o(i.USBD_USR_ConfigStrDescriptor)
    USBD_USR_DeviceConfigured                0x08001fd5   Thumb Code     2  usbd_usr.o(i.USBD_USR_DeviceConfigured)
    USBD_USR_DeviceConnected                 0x08001fd7   Thumb Code     2  usbd_usr.o(i.USBD_USR_DeviceConnected)
    USBD_USR_DeviceDescriptor                0x08001fd9   Thumb Code    10  usbd_desc.o(i.USBD_USR_DeviceDescriptor)
    USBD_USR_DeviceDisconnected              0x08001fe9   Thumb Code     2  usbd_usr.o(i.USBD_USR_DeviceDisconnected)
    USBD_USR_DeviceReset                     0x08001feb   Thumb Code    18  usbd_usr.o(i.USBD_USR_DeviceReset)
    USBD_USR_DeviceResumed                   0x08001ffd   Thumb Code     2  usbd_usr.o(i.USBD_USR_DeviceResumed)
    USBD_USR_DeviceSuspended                 0x08001fff   Thumb Code     2  usbd_usr.o(i.USBD_USR_DeviceSuspended)
    USBD_USR_Init                            0x08002001   Thumb Code    90  usbd_usr.o(i.USBD_USR_Init)
    USBD_USR_InterfaceStrDescriptor          0x08002069   Thumb Code    34  usbd_desc.o(i.USBD_USR_InterfaceStrDescriptor)
    USBD_USR_LangIDStrDescriptor             0x080020a1   Thumb Code    10  usbd_desc.o(i.USBD_USR_LangIDStrDescriptor)
    USBD_USR_ManufacturerStrDescriptor       0x080020b1   Thumb Code    20  usbd_desc.o(i.USBD_USR_ManufacturerStrDescriptor)
    USBD_USR_ProductStrDescriptor            0x080020dd   Thumb Code    34  usbd_desc.o(i.USBD_USR_ProductStrDescriptor)
    USBD_USR_SerialStrDescriptor             0x0800212d   Thumb Code    34  usbd_desc.o(i.USBD_USR_SerialStrDescriptor)
    USB_OTG_BSP_EnableInterrupt              0x08002175   Thumb Code    44  usb_bsp.o(i.USB_OTG_BSP_EnableInterrupt)
    USB_OTG_BSP_Init                         0x080021a1   Thumb Code   152  usb_bsp.o(i.USB_OTG_BSP_Init)
    USB_OTG_BSP_mDelay                       0x0800223d   Thumb Code    18  usb_bsp.o(i.USB_OTG_BSP_mDelay)
    USB_OTG_BSP_uDelay                       0x0800224f   Thumb Code    30  usb_bsp.o(i.USB_OTG_BSP_uDelay)
    USB_OTG_CoreInit                         0x0800226d   Thumb Code   462  usb_core.o(i.USB_OTG_CoreInit)
    USB_OTG_CoreInitDev                      0x0800243b   Thumb Code   522  usb_core.o(i.USB_OTG_CoreInitDev)
    USB_OTG_DisableGlobalInt                 0x080026b5   Thumb Code    34  usb_core.o(i.USB_OTG_DisableGlobalInt)
    USB_OTG_EP0Activate                      0x080026d7   Thumb Code   106  usb_core.o(i.USB_OTG_EP0Activate)
    USB_OTG_EP0StartXfer                     0x08002741   Thumb Code   342  usb_core.o(i.USB_OTG_EP0StartXfer)
    USB_OTG_EP0_OutStart                     0x08002897   Thumb Code    98  usb_core.o(i.USB_OTG_EP0_OutStart)
    USB_OTG_EPActivate                       0x080028f9   Thumb Code   152  usb_core.o(i.USB_OTG_EPActivate)
    USB_OTG_EPClearStall                     0x08002991   Thumb Code    80  usb_core.o(i.USB_OTG_EPClearStall)
    USB_OTG_EPDeactivate                     0x080029e1   Thumb Code    94  usb_core.o(i.USB_OTG_EPDeactivate)
    USB_OTG_EPSetStall                       0x08002a3f   Thumb Code   100  usb_core.o(i.USB_OTG_EPSetStall)
    USB_OTG_EPStartXfer                      0x08002aa3   Thumb Code   502  usb_core.o(i.USB_OTG_EPStartXfer)
    USB_OTG_EnableDevInt                     0x08002cc9   Thumb Code   152  usb_core.o(i.USB_OTG_EnableDevInt)
    USB_OTG_EnableGlobalInt                  0x08002d61   Thumb Code    34  usb_core.o(i.USB_OTG_EnableGlobalInt)
    USB_OTG_FlushRxFifo                      0x08002d85   Thumb Code    70  usb_core.o(i.USB_OTG_FlushRxFifo)
    USB_OTG_FlushTxFifo                      0x08002dd1   Thumb Code    80  usb_core.o(i.USB_OTG_FlushTxFifo)
    USB_OTG_GetDeviceSpeed                   0x08002e25   Thumb Code    52  usb_core.o(i.USB_OTG_GetDeviceSpeed)
    USB_OTG_GetMode                          0x08002e59   Thumb Code    12  usb_core.o(i.USB_OTG_GetMode)
    USB_OTG_InitDevSpeed                     0x08002e65   Thumb Code    24  usb_core.o(i.USB_OTG_InitDevSpeed)
    USB_OTG_IsDeviceMode                     0x08002e7d   Thumb Code    22  usb_core.o(i.USB_OTG_IsDeviceMode)
    USB_OTG_ReadCoreItr                      0x08002e93   Thumb Code    16  usb_core.o(i.USB_OTG_ReadCoreItr)
    USB_OTG_ReadDevAllInEPItr                0x08002ea3   Thumb Code    16  usb_core.o(i.USB_OTG_ReadDevAllInEPItr)
    USB_OTG_ReadDevAllOutEp_itr              0x08002eb3   Thumb Code    16  usb_core.o(i.USB_OTG_ReadDevAllOutEp_itr)
    USB_OTG_ReadDevOutEP_itr                 0x08002ec3   Thumb Code    20  usb_core.o(i.USB_OTG_ReadDevOutEP_itr)
    USB_OTG_ReadPacket                       0x08002ed7   Thumb Code    40  usb_core.o(i.USB_OTG_ReadPacket)
    USB_OTG_SelectCore                       0x08002f01   Thumb Code   204  usb_core.o(i.USB_OTG_SelectCore)
    USB_OTG_SetCurrentMode                   0x08002fd1   Thumb Code    78  usb_core.o(i.USB_OTG_SetCurrentMode)
    USB_OTG_UngateClock                      0x0800301f   Thumb Code    54  usb_core.o(i.USB_OTG_UngateClock)
    USB_OTG_WritePacket                      0x08003055   Thumb Code    64  usb_core.o(i.USB_OTG_WritePacket)
    UsageFault_Handler                       0x08003095   Thumb Code     4  stm32f4xx_it.o(i.UsageFault_Handler)
    __scatterload_copy                       0x08003099   Thumb Code    14  handlers.o(i.__scatterload_copy)
    __scatterload_null                       0x080030a7   Thumb Code     2  handlers.o(i.__scatterload_null)
    __scatterload_zeroinit                   0x080030a9   Thumb Code    14  handlers.o(i.__scatterload_zeroinit)
    initialize_outputs                       0x080030b9   Thumb Code   210  initialization.o(i.initialize_outputs)
    main                                     0x080031a5   Thumb Code    52  main.o(i.main)
    set_bits                                 0x080031e9   Thumb Code   248  outputs.o(i.set_bits)
    toggle_LED                               0x080032ed   Thumb Code   104  outputs.o(i.toggle_LED)
    GPIO_PIN                                 0x0800335c   Data           8  stm32f4_discovery.o(.constdata)
    GPIO_CLK                                 0x08003364   Data          16  stm32f4_discovery.o(.constdata)
    BUTTON_PIN                               0x08003374   Data           2  stm32f4_discovery.o(.constdata)
    BUTTON_CLK                               0x08003378   Data           4  stm32f4_discovery.o(.constdata)
    BUTTON_EXTI_LINE                         0x0800337c   Data           2  stm32f4_discovery.o(.constdata)
    BUTTON_PORT_SOURCE                       0x0800337e   Data           1  stm32f4_discovery.o(.constdata)
    BUTTON_PIN_SOURCE                        0x0800337f   Data           1  stm32f4_discovery.o(.constdata)
    BUTTON_IRQn                              0x08003380   Data           1  stm32f4_discovery.o(.constdata)
    Region$$Table$$Base                      0x08003384   Number         0  anon$$obj.o(Region$$Table)
    Region$$Table$$Limit                     0x080033a4   Number         0  anon$$obj.o(Region$$Table)
    Buffer                                   0x20000000   Data           6  main.o(.data)
    SystemCoreClock                          0x20000008   Data           4  system_stm32f4xx.o(.data)
    AHBPrescTable                            0x2000000c   Data          16  system_stm32f4xx.o(.data)
    USR_cb                                   0x2000001c   Data          28  usbd_usr.o(.data)
    GPIO_InitStructure                       0x20000038   Data           8  initialization.o(.data)
    LED_flag                                 0x20000040   Data           4  outputs.o(.data)
    tx_states                                0x20000044   Data         640  outputs.o(.data)
    rx_states                                0x200002c4   Data         640  outputs.o(.data)
    pins                                     0x20000544   Data         288  outputs.o(.data)
    USR_desc                                 0x20000664   Data          28  usbd_desc.o(.data)
    USBD_DeviceDesc                          0x20000680   Data          18  usbd_desc.o(.data)
    USBD_DeviceQualifierDesc                 0x20000692   Data          10  usbd_desc.o(.data)
    USBD_LangIDDesc                          0x2000069c   Data           4  usbd_desc.o(.data)
    GPIO_PORT                                0x200006a0   Data          16  stm32f4_discovery.o(.data)
    BUTTON_PORT                              0x200006b0   Data           4  stm32f4_discovery.o(.data)
    NVIC_InitStructure                       0x200006b4   Data           4  stm32f4_discovery.o(.data)
    USBD_DCD_INT_cb                          0x200006b8   Data          44  usbd_core.o(.data)
    USBD_DCD_INT_fops                        0x200006e4   Data           4  usbd_core.o(.data)
    USBD_ep_status                           0x200006e8   Data           4  usbd_req.o(.data)
    USBD_default_cfg                         0x200006ec   Data           4  usbd_req.o(.data)
    USBD_cfg_status                          0x200006f0   Data           4  usbd_req.o(.data)
    tx                                       0x200006f8   Data           4  usbd_hid_core.o(.data)
    rx                                       0x200006fc   Data           4  usbd_hid_core.o(.data)
    USBD_HID_cb                              0x20000700   Data          44  usbd_hid_core.o(.data)
    USB_OTG_dev                              0x200008e8   Data        1520  main.o(.bss)
    USBD_StrDesc                             0x20000ed8   Data          64  usbd_req.o(.bss)
    __initial_sp                             0x20001318   Data           0  startup_stm32f4xx.o(STACK)



==============================================================================

Memory Map of the image

  Image Entry point : 0x08000189

  Load Region LR_IROM1 (Base: 0x08000000, Size: 0x00003c8c, Max: 0x00100000, ABSOLUTE, COMPRESSED[0x00003600])

    Execution Region ER_IROM1 (Base: 0x08000000, Size: 0x000033a4, Max: 0x00100000, ABSOLUTE)

    Base Addr    Size         Type   Attr      Idx    E Section Name        Object

    0x08000000   0x00000188   Data   RO          429    RESET               startup_stm32f4xx.o
    0x08000188   0x00000000   Code   RO         3395  * .ARM.Collect$$$$00000000  mc_w.l(entry.o)
    0x08000188   0x00000004   Code   RO         3398    .ARM.Collect$$$$00000001  mc_w.l(entry2.o)
    0x0800018c   0x00000004   Code   RO         3401    .ARM.Collect$$$$00000004  mc_w.l(entry5.o)
    0x08000190   0x00000000   Code   RO         3403    .ARM.Collect$$$$00000008  mc_w.l(entry7b.o)
    0x08000190   0x00000000   Code   RO         3405    .ARM.Collect$$$$0000000A  mc_w.l(entry8b.o)
    0x08000190   0x00000008   Code   RO         3406    .ARM.Collect$$$$0000000B  mc_w.l(entry9a.o)
    0x08000198   0x00000000   Code   RO         3408    .ARM.Collect$$$$0000000D  mc_w.l(entry10a.o)
    0x08000198   0x00000000   Code   RO         3410    .ARM.Collect$$$$0000000F  mc_w.l(entry11a.o)
    0x08000198   0x00000004   Code   RO         3399    .ARM.Collect$$$$00002712  mc_w.l(entry2.o)
    0x0800019c   0x00000024   Code   RO          430    .text               startup_stm32f4xx.o
    0x080001c0   0x00000024   Code   RO         3412    .text               mc_w.l(init.o)
    0x080001e4   0x0000005e   Code   RO         3422    .text               mc_w.l(__dclz77c.o)
    0x08000242   0x00000004   Code   RO          190    i.BusFault_Handler  stm32f4xx_it.o
    0x08000246   0x00000002   PAD
    0x08000248   0x00000070   Code   RO         3318    i.ClearBigRXorBigTX_MCU2  usbd_hid_core.o
    0x080002b8   0x00000094   Code   RO         3319    i.ClearRXorTX_MCU2  usbd_hid_core.o
    0x0800034c   0x0000004a   Code   RO         2921    i.DCD_EP_Close      usb_dcd.o
    0x08000396   0x00000048   Code   RO         2922    i.DCD_EP_ClrStall   usb_dcd.o
    0x080003de   0x00000024   Code   RO         2923    i.DCD_EP_Flush      usb_dcd.o
    0x08000402   0x00000068   Code   RO         2924    i.DCD_EP_Open       usb_dcd.o
    0x0800046a   0x00000052   Code   RO         2925    i.DCD_EP_PrepareRx  usb_dcd.o
    0x080004bc   0x0000001c   Code   RO         2926    i.DCD_EP_SetAddress  usb_dcd.o
    0x080004d8   0x00000048   Code   RO         2927    i.DCD_EP_Stall      usb_dcd.o
    0x08000520   0x0000004e   Code   RO         2928    i.DCD_EP_Tx         usb_dcd.o
    0x0800056e   0x00000066   Code   RO         3007    i.DCD_HandleEnumDone_ISR  usb_dcd_int.o
    0x080005d4   0x00000188   Code   RO         3008    i.DCD_HandleInEP_ISR  usb_dcd_int.o
    0x0800075c   0x00000124   Code   RO         3009    i.DCD_HandleOutEP_ISR  usb_dcd_int.o
    0x08000880   0x00000068   Code   RO         3010    i.DCD_HandleResume_ISR  usb_dcd_int.o
    0x080008e8   0x000000b0   Code   RO         3011    i.DCD_HandleRxStatusQueueLevel_ISR  usb_dcd_int.o
    0x08000998   0x0000002c   Code   RO         3012    i.DCD_HandleSof_ISR  usb_dcd_int.o
    0x080009c4   0x00000088   Code   RO         3013    i.DCD_HandleUSBSuspend_ISR  usb_dcd_int.o
    0x08000a4c   0x00000120   Code   RO         3014    i.DCD_HandleUsbReset_ISR  usb_dcd_int.o
    0x08000b6c   0x0000009c   Code   RO         2930    i.DCD_Init          usb_dcd.o
    0x08000c08   0x0000002c   Code   RO         3015    i.DCD_IsoINIncomplete_ISR  usb_dcd_int.o
    0x08000c34   0x0000002c   Code   RO         3016    i.DCD_IsoOUTIncomplete_ISR  usb_dcd_int.o
    0x08000c60   0x00000028   Code   RO         3017    i.DCD_ReadDevInEP   usb_dcd_int.o
    0x08000c88   0x00000090   Code   RO         3018    i.DCD_WriteEmptyTxFifo  usb_dcd_int.o
    0x08000d18   0x00000002   Code   RO          191    i.DMA1_Stream0_IRQHandler  stm32f4xx_it.o
    0x08000d1a   0x00000002   Code   RO          192    i.DebugMon_Handler  stm32f4xx_it.o
    0x08000d1c   0x0000000e   Code   RO            2    i.Delay             main.o
    0x08000d2a   0x00000002   PAD
    0x08000d2c   0x0000000c   Code   RO         1106    i.EXTI_ClearITPendingBit  stm32f4xx_exti.o
    0x08000d38   0x00000094   Code   RO         1111    i.EXTI_Init         stm32f4xx_exti.o
    0x08000dcc   0x00000090   Code   RO         1354    i.GPIO_Init         stm32f4xx_gpio.o
    0x08000e5c   0x00000046   Code   RO         1355    i.GPIO_PinAFConfig  stm32f4xx_gpio.o
    0x08000ea2   0x00000004   Code   RO         1361    i.GPIO_ResetBits    stm32f4xx_gpio.o
    0x08000ea6   0x00000004   Code   RO         1362    i.GPIO_SetBits      stm32f4xx_gpio.o
    0x08000eaa   0x00000004   Code   RO          193    i.HardFault_Handler  stm32f4xx_it.o
    0x08000eae   0x00000004   Code   RO          194    i.MemManage_Handler  stm32f4xx_it.o
    0x08000eb2   0x00000002   Code   RO          195    i.NMI_Handler       stm32f4xx_it.o
    0x08000eb4   0x00000078   Code   RO          591    i.NVIC_Init         misc.o
    0x08000f2c   0x00000014   Code   RO          592    i.NVIC_PriorityGroupConfig  misc.o
    0x08000f40   0x00000010   Code   RO          196    i.OTG_FS_IRQHandler  stm32f4xx_it.o
    0x08000f50   0x00000030   Code   RO          197    i.OTG_FS_WKUP_IRQHandler  stm32f4xx_it.o
    0x08000f80   0x00000002   Code   RO          198    i.PendSV_Handler    stm32f4xx_it.o
    0x08000f82   0x00000002   PAD
    0x08000f84   0x00000070   Code   RO         3320    i.ProcessReport_MCU2  usbd_hid_core.o
    0x08000ff4   0x00000020   Code   RO         1655    i.RCC_AHB1PeriphClockCmd  stm32f4xx_rcc.o
    0x08001014   0x00000020   Code   RO         1658    i.RCC_AHB2PeriphClockCmd  stm32f4xx_rcc.o
    0x08001034   0x00000020   Code   RO         1666    i.RCC_APB1PeriphResetCmd  stm32f4xx_rcc.o
    0x08001054   0x00000020   Code   RO         1667    i.RCC_APB2PeriphClockCmd  stm32f4xx_rcc.o
    0x08001074   0x000000a8   Code   RO          546    i.STM_EVAL_PBInit   stm32f4_discovery.o
    0x0800111c   0x00000002   Code   RO          199    i.SVC_Handler       stm32f4xx_it.o
    0x0800111e   0x00000002   PAD
    0x08001120   0x00000040   Code   RO         2094    i.SYSCFG_EXTILineConfig  stm32f4xx_syscfg.o
    0x08001160   0x00000124   Code   RO          292    i.SetSysClock       system_stm32f4xx.o
    0x08001284   0x00000002   Code   RO          200    i.SysTick_Handler   stm32f4xx_it.o
    0x08001286   0x00000002   PAD
    0x08001288   0x0000005c   Code   RO          294    i.SystemInit        system_stm32f4xx.o
    0x080012e4   0x00000002   Code   RO          201    i.TIM3_IRQHandler   stm32f4xx_it.o
    0x080012e6   0x00000016   Code   RO         3087    i.USBD_ClrCfg       usbd_core.o
    0x080012fc   0x00000048   Code   RO         3224    i.USBD_ClrFeature   usbd_req.o
    0x08001344   0x0000001e   Code   RO         3172    i.USBD_CtlContinueRx  usbd_ioreq.o
    0x08001362   0x0000001e   Code   RO         3173    i.USBD_CtlContinueSendData  usbd_ioreq.o
    0x08001380   0x00000038   Code   RO         3225    i.USBD_CtlError     usbd_req.o
    0x080013b8   0x00000024   Code   RO         3175    i.USBD_CtlReceiveStatus  usbd_ioreq.o
    0x080013dc   0x0000002e   Code   RO         3176    i.USBD_CtlSendData  usbd_ioreq.o
    0x0800140a   0x00000024   Code   RO         3177    i.USBD_CtlSendStatus  usbd_ioreq.o
    0x0800142e   0x000000b8   Code   RO         3088    i.USBD_DataInStage  usbd_core.o
    0x080014e6   0x00000096   Code   RO         3089    i.USBD_DataOutStage  usbd_core.o
    0x0800157c   0x00000006   Code   RO         3090    i.USBD_DeInit       usbd_core.o
    0x08001582   0x00000002   PAD
    0x08001584   0x00000054   Code   RO         3226    i.USBD_GetConfig    usbd_req.o
    0x080015d8   0x00000122   Code   RO         3227    i.USBD_GetDescriptor  usbd_req.o
    0x080016fa   0x00000014   Code   RO         3228    i.USBD_GetLen       usbd_req.o
    0x0800170e   0x00000002   PAD
    0x08001710   0x0000004c   Code   RO         3229    i.USBD_GetStatus    usbd_req.o
    0x0800175c   0x00000052   Code   RO         3230    i.USBD_GetString    usbd_req.o
    0x080017ae   0x00000012   Code   RO         3321    i.USBD_HID_DataIn   usbd_hid_core.o
    0x080017c0   0x00000034   Code   RO         3322    i.USBD_HID_DataOut  usbd_hid_core.o
    0x080017f4   0x0000001a   Code   RO         3323    i.USBD_HID_DeInit   usbd_hid_core.o
    0x0800180e   0x00000002   PAD
    0x08001810   0x00000010   Code   RO         3324    i.USBD_HID_GetCfgDesc  usbd_hid_core.o
    0x08001820   0x00000034   Code   RO         3325    i.USBD_HID_Init     usbd_hid_core.o
    0x08001854   0x000000f0   Code   RO         3327    i.USBD_HID_Setup    usbd_hid_core.o
    0x08001944   0x00000042   Code   RO         3091    i.USBD_Init         usbd_core.o
    0x08001986   0x00000012   Code   RO         3092    i.USBD_IsoINIncomplete  usbd_core.o
    0x08001998   0x00000012   Code   RO         3093    i.USBD_IsoOUTIncomplete  usbd_core.o
    0x080019aa   0x000000e0   Code   RO         3019    i.USBD_OTG_ISR_Handler  usb_dcd_int.o
    0x08001a8a   0x00000048   Code   RO         3231    i.USBD_ParseSetupRequest  usbd_req.o
    0x08001ad2   0x00000032   Code   RO         3094    i.USBD_Reset        usbd_core.o
    0x08001b04   0x00000018   Code   RO         3095    i.USBD_Resume       usbd_core.o
    0x08001b1c   0x0000001a   Code   RO         3096    i.USBD_SOF          usbd_core.o
    0x08001b36   0x0000005c   Code   RO         3232    i.USBD_SetAddress   usbd_req.o
    0x08001b92   0x0000001e   Code   RO         3097    i.USBD_SetCfg       usbd_core.o
    0x08001bb0   0x000000d0   Code   RO         3233    i.USBD_SetConfig    usbd_req.o
    0x08001c80   0x00000098   Code   RO         3234    i.USBD_SetFeature   usbd_req.o
    0x08001d18   0x00000054   Code   RO         3098    i.USBD_SetupStage   usbd_core.o
    0x08001d6c   0x00000072   Code   RO         3235    i.USBD_StdDevReq    usbd_req.o
    0x08001dde   0x00000002   PAD
    0x08001de0   0x0000015c   Code   RO         3236    i.USBD_StdEPReq     usbd_req.o
    0x08001f3c   0x0000004c   Code   RO         3237    i.USBD_StdItfReq    usbd_req.o
    0x08001f88   0x00000018   Code   RO         3099    i.USBD_Suspend      usbd_core.o
    0x08001fa0   0x00000034   Code   RO          479    i.USBD_USR_ConfigStrDescriptor  usbd_desc.o
    0x08001fd4   0x00000002   Code   RO          365    i.USBD_USR_DeviceConfigured  usbd_usr.o
    0x08001fd6   0x00000002   Code   RO          366    i.USBD_USR_DeviceConnected  usbd_usr.o
    0x08001fd8   0x00000010   Code   RO          480    i.USBD_USR_DeviceDescriptor  usbd_desc.o
    0x08001fe8   0x00000002   Code   RO          367    i.USBD_USR_DeviceDisconnected  usbd_usr.o
    0x08001fea   0x00000012   Code   RO          368    i.USBD_USR_DeviceReset  usbd_usr.o
    0x08001ffc   0x00000002   Code   RO          369    i.USBD_USR_DeviceResumed  usbd_usr.o
    0x08001ffe   0x00000002   Code   RO          370    i.USBD_USR_DeviceSuspended  usbd_usr.o
    0x08002000   0x00000068   Code   RO          371    i.USBD_USR_Init     usbd_usr.o
    0x08002068   0x00000038   Code   RO          481    i.USBD_USR_InterfaceStrDescriptor  usbd_desc.o
    0x080020a0   0x00000010   Code   RO          482    i.USBD_USR_LangIDStrDescriptor  usbd_desc.o
    0x080020b0   0x0000002c   Code   RO          483    i.USBD_USR_ManufacturerStrDescriptor  usbd_desc.o
    0x080020dc   0x00000050   Code   RO          484    i.USBD_USR_ProductStrDescriptor  usbd_desc.o
    0x0800212c   0x00000048   Code   RO          485    i.USBD_USR_SerialStrDescriptor  usbd_desc.o
    0x08002174   0x0000002c   Code   RO          325    i.USB_OTG_BSP_EnableInterrupt  usb_bsp.o
    0x080021a0   0x0000009c   Code   RO          326    i.USB_OTG_BSP_Init  usb_bsp.o
    0x0800223c   0x00000012   Code   RO          327    i.USB_OTG_BSP_mDelay  usb_bsp.o
    0x0800224e   0x0000001e   Code   RO          328    i.USB_OTG_BSP_uDelay  usb_bsp.o
    0x0800226c   0x000001ce   Code   RO         2696    i.USB_OTG_CoreInit  usb_core.o
    0x0800243a   0x0000020a   Code   RO         2697    i.USB_OTG_CoreInitDev  usb_core.o
    0x08002644   0x00000070   Code   RO         2698    i.USB_OTG_CoreReset  usb_core.o
    0x080026b4   0x00000022   Code   RO         2699    i.USB_OTG_DisableGlobalInt  usb_core.o
    0x080026d6   0x0000006a   Code   RO         2700    i.USB_OTG_EP0Activate  usb_core.o
    0x08002740   0x00000156   Code   RO         2701    i.USB_OTG_EP0StartXfer  usb_core.o
    0x08002896   0x00000062   Code   RO         2702    i.USB_OTG_EP0_OutStart  usb_core.o
    0x080028f8   0x00000098   Code   RO         2703    i.USB_OTG_EPActivate  usb_core.o
    0x08002990   0x00000050   Code   RO         2704    i.USB_OTG_EPClearStall  usb_core.o
    0x080029e0   0x0000005e   Code   RO         2705    i.USB_OTG_EPDeactivate  usb_core.o
    0x08002a3e   0x00000064   Code   RO         2706    i.USB_OTG_EPSetStall  usb_core.o
    0x08002aa2   0x000001f6   Code   RO         2707    i.USB_OTG_EPStartXfer  usb_core.o
    0x08002c98   0x00000030   Code   RO         2708    i.USB_OTG_EnableCommonInt  usb_core.o
    0x08002cc8   0x00000098   Code   RO         2709    i.USB_OTG_EnableDevInt  usb_core.o
    0x08002d60   0x00000022   Code   RO         2710    i.USB_OTG_EnableGlobalInt  usb_core.o
    0x08002d82   0x00000002   PAD
    0x08002d84   0x0000004c   Code   RO         2711    i.USB_OTG_FlushRxFifo  usb_core.o
    0x08002dd0   0x00000054   Code   RO         2712    i.USB_OTG_FlushTxFifo  usb_core.o
    0x08002e24   0x00000034   Code   RO         2713    i.USB_OTG_GetDeviceSpeed  usb_core.o
    0x08002e58   0x0000000c   Code   RO         2715    i.USB_OTG_GetMode   usb_core.o
    0x08002e64   0x00000018   Code   RO         2716    i.USB_OTG_InitDevSpeed  usb_core.o
    0x08002e7c   0x00000016   Code   RO         2717    i.USB_OTG_IsDeviceMode  usb_core.o
    0x08002e92   0x00000010   Code   RO         2719    i.USB_OTG_ReadCoreItr  usb_core.o
    0x08002ea2   0x00000010   Code   RO         2720    i.USB_OTG_ReadDevAllInEPItr  usb_core.o
    0x08002eb2   0x00000010   Code   RO         2721    i.USB_OTG_ReadDevAllOutEp_itr  usb_core.o
    0x08002ec2   0x00000014   Code   RO         2722    i.USB_OTG_ReadDevOutEP_itr  usb_core.o
    0x08002ed6   0x00000028   Code   RO         2724    i.USB_OTG_ReadPacket  usb_core.o
    0x08002efe   0x00000002   PAD
    0x08002f00   0x000000d0   Code   RO         2725    i.USB_OTG_SelectCore  usb_core.o
    0x08002fd0   0x0000004e   Code   RO         2726    i.USB_OTG_SetCurrentMode  usb_core.o
    0x0800301e   0x00000036   Code   RO         2729    i.USB_OTG_UngateClock  usb_core.o
    0x08003054   0x00000040   Code   RO         2730    i.USB_OTG_WritePacket  usb_core.o
    0x08003094   0x00000004   Code   RO          202    i.UsageFault_Handler  stm32f4xx_it.o
    0x08003098   0x0000000e   Code   RO         3416    i.__scatterload_copy  mc_w.l(handlers.o)
    0x080030a6   0x00000002   Code   RO         3417    i.__scatterload_null  mc_w.l(handlers.o)
    0x080030a8   0x0000000e   Code   RO         3418    i.__scatterload_zeroinit  mc_w.l(handlers.o)
    0x080030b6   0x00000002   PAD
    0x080030b8   0x000000ec   Code   RO          435    i.initialize_outputs  initialization.o
    0x080031a4   0x00000044   Code   RO            3    i.main              main.o
    0x080031e8   0x00000104   Code   RO          454    i.set_bits          outputs.o
    0x080032ec   0x00000070   Code   RO          455    i.toggle_LED        outputs.o
    0x0800335c   0x00000025   Data   RO          547    .constdata          stm32f4_discovery.o
    0x08003381   0x00000003   PAD
    0x08003384   0x00000020   Data   RO         3414    Region$$Table       anon$$obj.o


    Execution Region RW_IRAM1 (Base: 0x20000000, Size: 0x00001318, Max: 0x00020000, ABSOLUTE, COMPRESSED[0x0000025c])

    Base Addr    Size         Type   Attr      Idx    E Section Name        Object

    0x20000000   0x00000006   Data   RW            5    .data               main.o
    0x20000006   0x00000002   PAD
    0x20000008   0x00000014   Data   RW          295    .data               system_stm32f4xx.o
    0x2000001c   0x0000001c   Data   RW          372    .data               usbd_usr.o
    0x20000038   0x00000008   Data   RW          436    .data               initialization.o
    0x20000040   0x00000624   Data   RW          456    .data               outputs.o
    0x20000664   0x0000003c   Data   RW          486    .data               usbd_desc.o
    0x200006a0   0x00000018   Data   RW          548    .data               stm32f4_discovery.o
    0x200006b8   0x00000030   Data   RW         3100    .data               usbd_core.o
    0x200006e8   0x0000000d   Data   RW         3239    .data               usbd_req.o
    0x200006f5   0x00000003   PAD
    0x200006f8   0x000001ed   Data   RW         3328    .data               usbd_hid_core.o
    0x200008e5   0x00000003   PAD
    0x200008e8   0x000005f0   Zero   RW            4    .bss                main.o
    0x20000ed8   0x00000040   Zero   RW         3238    .bss                usbd_req.o
    0x20000f18   0x00000400   Zero   RW          427    STACK               startup_stm32f4xx.o


==============================================================================

Image component sizes


      Code (inc. data)   RO Data    RW Data    ZI Data      Debug   Object Name

       236         26          0          8          0        974   initialization.o
        82         16          0          6       1520     283820   main.o
       140         24          0          0          0       1915   misc.o
       372         20          0       1572          0       2192   outputs.o
        36          8        392          0       1024        868   startup_stm32f4xx.o
       168         28         37         24          0       2155   stm32f4_discovery.o
       160         12          0          0          0       1881   stm32f4xx_exti.o
       222          0          0          0          0       3479   stm32f4xx_gpio.o
        94         14          0          0          0       6695   stm32f4xx_it.o
       128         24          0          0          0       2820   stm32f4xx_rcc.o
        64          4          0          0          0        768   stm32f4xx_syscfg.o
       384         40          0         20          0       2045   system_stm32f4xx.o
       248          4          0          0          0       2915   usb_bsp.o
      3620         18          0          0          0      24610   usb_core.o
       702          0          0          0          0       7339   usb_dcd.o
      2030         48          0          0          0      10671   usb_dcd_int.o
       702          0          0         48          0      11190   usbd_core.o
       336        160          0         60          0       6012   usbd_desc.o
       776         94          0        493          0       7893   usbd_hid_core.o
       178          0          0          0          0       4272   usbd_ioreq.o
      1742         48          0         13         64      11827   usbd_req.o
       132         14          0         28          0      22408   usbd_usr.o

    ----------------------------------------------------------------------
     12574        602        464       2280       2608     418749   Object Totals
         0          0         32          0          0          0   (incl. Generated)
        22          0          3          8          0          0   (incl. Padding)

    ----------------------------------------------------------------------

      Code (inc. data)   RO Data    RW Data    ZI Data      Debug   Library Member Name

        94          0          0          0          0          0   __dclz77c.o
         0          0          0          0          0          0   entry.o
         0          0          0          0          0          0   entry10a.o
         0          0          0          0          0          0   entry11a.o
         8          4          0          0          0          0   entry2.o
         4          0          0          0          0          0   entry5.o
         0          0          0          0          0          0   entry7b.o
         0          0          0          0          0          0   entry8b.o
         8          4          0          0          0          0   entry9a.o
        30          0          0          0          0          0   handlers.o
        36          8          0          0          0         68   init.o

    ----------------------------------------------------------------------
       182         16          0          0          0         68   Library Totals
         2          0          0          0          0          0   (incl. Padding)

    ----------------------------------------------------------------------

      Code (inc. data)   RO Data    RW Data    ZI Data      Debug   Library Name

       180         16          0          0          0         68   mc_w.l

    ----------------------------------------------------------------------
       182         16          0          0          0         68   Library Totals

    ----------------------------------------------------------------------

==============================================================================


      Code (inc. data)   RO Data    RW Data    ZI Data      Debug   

     12756        618        464       2280       2608     405301   Grand Totals
     12756        618        464        604       2608     405301   ELF Image Totals (compressed)
     12756        618        464        604          0          0   ROM Totals

==============================================================================

    Total RO  Size (Code + RO Data)                13220 (  12.91kB)
    Total RW  Size (RW Data + ZI Data)              4888 (   4.77kB)
    Total ROM Size (Code + RO Data + RW Data)      13824 (  13.50kB)

==============================================================================

